Type Check & Lint	Set up job	∩╗┐2026-04-05T23:24:09.7774974Z Current runner version: '2.333.1'
Type Check & Lint	Set up job	2026-04-05T23:24:09.7800669Z ##[group]Runner Image Provisioner
Type Check & Lint	Set up job	2026-04-05T23:24:09.7801502Z Hosted Compute Agent
Type Check & Lint	Set up job	2026-04-05T23:24:09.7802112Z Version: 20260213.493
Type Check & Lint	Set up job	2026-04-05T23:24:09.7802685Z Commit: 5c115507f6dd24b8de37d8bbe0bb4509d0cc0fa3
Type Check & Lint	Set up job	2026-04-05T23:24:09.7803395Z Build Date: 2026-02-13T00:28:41Z
Type Check & Lint	Set up job	2026-04-05T23:24:09.7803990Z Worker ID: {af6719da-ad2b-468c-b3d3-d61816bdc99e}
Type Check & Lint	Set up job	2026-04-05T23:24:09.7804767Z Azure Region: westus
Type Check & Lint	Set up job	2026-04-05T23:24:09.7805259Z ##[endgroup]
Type Check & Lint	Set up job	2026-04-05T23:24:09.7806617Z ##[group]Operating System
Type Check & Lint	Set up job	2026-04-05T23:24:09.7807308Z Ubuntu
Type Check & Lint	Set up job	2026-04-05T23:24:09.7808009Z 24.04.4
Type Check & Lint	Set up job	2026-04-05T23:24:09.7808446Z LTS
Type Check & Lint	Set up job	2026-04-05T23:24:09.7808971Z ##[endgroup]
Type Check & Lint	Set up job	2026-04-05T23:24:09.7809464Z ##[group]Runner Image
Type Check & Lint	Set up job	2026-04-05T23:24:09.7809974Z Image: ubuntu-24.04
Type Check & Lint	Set up job	2026-04-05T23:24:09.7810550Z Version: 20260329.72.1
Type Check & Lint	Set up job	2026-04-05T23:24:09.7811487Z Included Software: https://github.com/actions/runner-images/blob/ubuntu24/20260329.72/images/ubuntu/Ubuntu2404-Readme.md
Type Check & Lint	Set up job	2026-04-05T23:24:09.7813173Z Image Release: https://github.com/actions/runner-images/releases/tag/ubuntu24%2F20260329.72
Type Check & Lint	Set up job	2026-04-05T23:24:09.7814028Z ##[endgroup]
Type Check & Lint	Set up job	2026-04-05T23:24:09.7816587Z ##[group]GITHUB_TOKEN Permissions
Type Check & Lint	Set up job	2026-04-05T23:24:09.7818757Z Actions: write
Type Check & Lint	Set up job	2026-04-05T23:24:09.7819330Z ArtifactMetadata: write
Type Check & Lint	Set up job	2026-04-05T23:24:09.7819904Z Attestations: write
Type Check & Lint	Set up job	2026-04-05T23:24:09.7820468Z Checks: write
Type Check & Lint	Set up job	2026-04-05T23:24:09.7820919Z Contents: write
Type Check & Lint	Set up job	2026-04-05T23:24:09.7821449Z Deployments: write
Type Check & Lint	Set up job	2026-04-05T23:24:09.7821943Z Discussions: write
Type Check & Lint	Set up job	2026-04-05T23:24:09.7822439Z Issues: write
Type Check & Lint	Set up job	2026-04-05T23:24:09.7822978Z Metadata: read
Type Check & Lint	Set up job	2026-04-05T23:24:09.7823448Z Models: read
Type Check & Lint	Set up job	2026-04-05T23:24:09.7823932Z Packages: write
Type Check & Lint	Set up job	2026-04-05T23:24:09.7824373Z Pages: write
Type Check & Lint	Set up job	2026-04-05T23:24:09.7825011Z PullRequests: write
Type Check & Lint	Set up job	2026-04-05T23:24:09.7825513Z RepositoryProjects: write
Type Check & Lint	Set up job	2026-04-05T23:24:09.7826063Z SecurityEvents: write
Type Check & Lint	Set up job	2026-04-05T23:24:09.7826679Z Statuses: write
Type Check & Lint	Set up job	2026-04-05T23:24:09.7827134Z ##[endgroup]
Type Check & Lint	Set up job	2026-04-05T23:24:09.7829721Z Secret source: Actions
Type Check & Lint	Set up job	2026-04-05T23:24:09.7830505Z Prepare workflow directory
Type Check & Lint	Set up job	2026-04-05T23:24:09.8159562Z Prepare all required actions
Type Check & Lint	Set up job	2026-04-05T23:24:09.8216868Z Getting action download info
Type Check & Lint	Set up job	2026-04-05T23:24:10.2485048Z Download action repository 'actions/checkout@v4' (SHA:34e114876b0b11c390a56381ad16ebd13914f8d5)
Type Check & Lint	Set up job	2026-04-05T23:24:10.4239999Z Download action repository 'actions/setup-node@v4' (SHA:49933ea5288caeca8642d1e84afbd3f7d6820020)
Type Check & Lint	Set up job	2026-04-05T23:24:10.6079771Z Complete job name: Type Check & Lint
Type Check & Lint	Run actions/checkout@v4	∩╗┐2026-04-05T23:24:10.6778097Z ##[group]Run actions/checkout@v4
Type Check & Lint	Run actions/checkout@v4	2026-04-05T23:24:10.6779179Z with:
Type Check & Lint	Run actions/checkout@v4	2026-04-05T23:24:10.6779622Z   repository: admin-baked/bakedbot-for-brands
Type Check & Lint	Run actions/checkout@v4	2026-04-05T23:24:10.6780325Z   token: ***
Type Check & Lint	Run actions/checkout@v4	2026-04-05T23:24:10.6780696Z   ssh-strict: true
Type Check & Lint	Run actions/checkout@v4	2026-04-05T23:24:10.6781084Z   ssh-user: git
Type Check & Lint	Run actions/checkout@v4	2026-04-05T23:24:10.6781477Z   persist-credentials: true
Type Check & Lint	Run actions/checkout@v4	2026-04-05T23:24:10.6781920Z   clean: true
Type Check & Lint	Run actions/checkout@v4	2026-04-05T23:24:10.6782318Z   sparse-checkout-cone-mode: true
Type Check & Lint	Run actions/checkout@v4	2026-04-05T23:24:10.6782784Z   fetch-depth: 1
Type Check & Lint	Run actions/checkout@v4	2026-04-05T23:24:10.6783179Z   fetch-tags: false
Type Check & Lint	Run actions/checkout@v4	2026-04-05T23:24:10.6783564Z   show-progress: true
Type Check & Lint	Run actions/checkout@v4	2026-04-05T23:24:10.6783952Z   lfs: false
Type Check & Lint	Run actions/checkout@v4	2026-04-05T23:24:10.6784305Z   submodules: false
Type Check & Lint	Run actions/checkout@v4	2026-04-05T23:24:10.6784703Z   set-safe-directory: true
Type Check & Lint	Run actions/checkout@v4	2026-04-05T23:24:10.6785367Z ##[endgroup]
Type Check & Lint	Run actions/checkout@v4	2026-04-05T23:24:10.7851495Z Syncing repository: admin-baked/bakedbot-for-brands
Type Check & Lint	Run actions/checkout@v4	2026-04-05T23:24:10.7853473Z ##[group]Getting Git version info
Type Check & Lint	Run actions/checkout@v4	2026-04-05T23:24:10.7854282Z Working directory is '/home/runner/work/bakedbot-for-brands/bakedbot-for-brands'
Type Check & Lint	Run actions/checkout@v4	2026-04-05T23:24:10.7855364Z [command]/usr/bin/git version
Type Check & Lint	Run actions/checkout@v4	2026-04-05T23:24:10.7911876Z git version 2.53.0
Type Check & Lint	Run actions/checkout@v4	2026-04-05T23:24:10.7937986Z ##[endgroup]
Type Check & Lint	Run actions/checkout@v4	2026-04-05T23:24:10.7959206Z Temporarily overriding HOME='/home/runner/work/_temp/be4afc9d-7b7e-44db-b24f-5b3faa163830' before making global git config changes
Type Check & Lint	Run actions/checkout@v4	2026-04-05T23:24:10.7960564Z Adding repository directory to the temporary git global config as a safe directory
Type Check & Lint	Run actions/checkout@v4	2026-04-05T23:24:10.7964471Z [command]/usr/bin/git config --global --add safe.directory /home/runner/work/bakedbot-for-brands/bakedbot-for-brands
Type Check & Lint	Run actions/checkout@v4	2026-04-05T23:24:10.7995069Z Deleting the contents of '/home/runner/work/bakedbot-for-brands/bakedbot-for-brands'
Type Check & Lint	Run actions/checkout@v4	2026-04-05T23:24:10.7998599Z ##[group]Initializing the repository
Type Check & Lint	Run actions/checkout@v4	2026-04-05T23:24:10.8002591Z [command]/usr/bin/git init /home/runner/work/bakedbot-for-brands/bakedbot-for-brands
Type Check & Lint	Run actions/checkout@v4	2026-04-05T23:24:10.8111901Z hint: Using 'master' as the name for the initial branch. This default branch name
Type Check & Lint	Run actions/checkout@v4	2026-04-05T23:24:10.8113469Z hint: will change to "main" in Git 3.0. To configure the initial branch name
Type Check & Lint	Run actions/checkout@v4	2026-04-05T23:24:10.8114652Z hint: to use in all of your new repositories, which will suppress this warning,
Type Check & Lint	Run actions/checkout@v4	2026-04-05T23:24:10.8115338Z hint: call:
Type Check & Lint	Run actions/checkout@v4	2026-04-05T23:24:10.8115688Z hint:
Type Check & Lint	Run actions/checkout@v4	2026-04-05T23:24:10.8116156Z hint: 	git config --global init.defaultBranch <name>
Type Check & Lint	Run actions/checkout@v4	2026-04-05T23:24:10.8116722Z hint:
Type Check & Lint	Run actions/checkout@v4	2026-04-05T23:24:10.8117252Z hint: Names commonly chosen instead of 'master' are 'main', 'trunk' and
Type Check & Lint	Run actions/checkout@v4	2026-04-05T23:24:10.8118799Z hint: 'development'. The just-created branch can be renamed via this command:
Type Check & Lint	Run actions/checkout@v4	2026-04-05T23:24:10.8119594Z hint:
Type Check & Lint	Run actions/checkout@v4	2026-04-05T23:24:10.8119973Z hint: 	git branch -m <name>
Type Check & Lint	Run actions/checkout@v4	2026-04-05T23:24:10.8120400Z hint:
Type Check & Lint	Run actions/checkout@v4	2026-04-05T23:24:10.8120975Z hint: Disable this message with "git config set advice.defaultBranchName false"
Type Check & Lint	Run actions/checkout@v4	2026-04-05T23:24:10.8122047Z Initialized empty Git repository in /home/runner/work/bakedbot-for-brands/bakedbot-for-brands/.git/
Type Check & Lint	Run actions/checkout@v4	2026-04-05T23:24:10.8124146Z [command]/usr/bin/git remote add origin https://github.com/admin-baked/bakedbot-for-brands
Type Check & Lint	Run actions/checkout@v4	2026-04-05T23:24:10.8152334Z ##[endgroup]
Type Check & Lint	Run actions/checkout@v4	2026-04-05T23:24:10.8153059Z ##[group]Disabling automatic garbage collection
Type Check & Lint	Run actions/checkout@v4	2026-04-05T23:24:10.8156341Z [command]/usr/bin/git config --local gc.auto 0
Type Check & Lint	Run actions/checkout@v4	2026-04-05T23:24:10.8183261Z ##[endgroup]
Type Check & Lint	Run actions/checkout@v4	2026-04-05T23:24:10.8183914Z ##[group]Setting up auth
Type Check & Lint	Run actions/checkout@v4	2026-04-05T23:24:10.8190845Z [command]/usr/bin/git config --local --name-only --get-regexp core\.sshCommand
Type Check & Lint	Run actions/checkout@v4	2026-04-05T23:24:10.8219315Z [command]/usr/bin/git submodule foreach --recursive sh -c "git config --local --name-only --get-regexp 'core\.sshCommand' && git config --local --unset-all 'core.sshCommand' || :"
Type Check & Lint	Run actions/checkout@v4	2026-04-05T23:24:10.8531392Z [command]/usr/bin/git config --local --name-only --get-regexp http\.https\:\/\/github\.com\/\.extraheader
Type Check & Lint	Run actions/checkout@v4	2026-04-05T23:24:10.8565482Z [command]/usr/bin/git submodule foreach --recursive sh -c "git config --local --name-only --get-regexp 'http\.https\:\/\/github\.com\/\.extraheader' && git config --local --unset-all 'http.https://github.com/.extraheader' || :"
Type Check & Lint	Run actions/checkout@v4	2026-04-05T23:24:10.8798086Z [command]/usr/bin/git config --local --name-only --get-regexp ^includeIf\.gitdir:
Type Check & Lint	Run actions/checkout@v4	2026-04-05T23:24:10.8833288Z [command]/usr/bin/git submodule foreach --recursive git config --local --show-origin --name-only --get-regexp remote.origin.url
Type Check & Lint	Run actions/checkout@v4	2026-04-05T23:24:10.9064587Z [command]/usr/bin/git config --local http.https://github.com/.extraheader AUTHORIZATION: basic ***
Type Check & Lint	Run actions/checkout@v4	2026-04-05T23:24:10.9098278Z ##[endgroup]
Type Check & Lint	Run actions/checkout@v4	2026-04-05T23:24:10.9099077Z ##[group]Fetching the repository
Type Check & Lint	Run actions/checkout@v4	2026-04-05T23:24:10.9106725Z [command]/usr/bin/git -c protocol.version=2 fetch --no-tags --prune --no-recurse-submodules --depth=1 origin +0f4adc7e3b41833daa86d888604bcc8e2bbf9233:refs/remotes/origin/main
Type Check & Lint	Run actions/checkout@v4	2026-04-05T23:24:13.5449701Z From https://github.com/admin-baked/bakedbot-for-brands
Type Check & Lint	Run actions/checkout@v4	2026-04-05T23:24:13.5451605Z  * [new ref]           0f4adc7e3b41833daa86d888604bcc8e2bbf9233 -> origin/main
Type Check & Lint	Run actions/checkout@v4	2026-04-05T23:24:13.5481227Z ##[endgroup]
Type Check & Lint	Run actions/checkout@v4	2026-04-05T23:24:13.5482892Z ##[group]Determining the checkout info
Type Check & Lint	Run actions/checkout@v4	2026-04-05T23:24:13.5484674Z ##[endgroup]
Type Check & Lint	Run actions/checkout@v4	2026-04-05T23:24:13.5489852Z [command]/usr/bin/git sparse-checkout disable
Type Check & Lint	Run actions/checkout@v4	2026-04-05T23:24:13.5529227Z [command]/usr/bin/git config --local --unset-all extensions.worktreeConfig
Type Check & Lint	Run actions/checkout@v4	2026-04-05T23:24:13.5556527Z ##[group]Checking out the ref
Type Check & Lint	Run actions/checkout@v4	2026-04-05T23:24:13.5561891Z [command]/usr/bin/git checkout --progress --force -B main refs/remotes/origin/main
Type Check & Lint	Run actions/checkout@v4	2026-04-05T23:24:14.5978044Z Updating files:  68% (14877/21652)
Type Check & Lint	Run actions/checkout@v4	2026-04-05T23:24:14.6192565Z Updating files:  69% (14940/21652)
Type Check & Lint	Run actions/checkout@v4	2026-04-05T23:24:14.6382716Z Updating files:  70% (15157/21652)
Type Check & Lint	Run actions/checkout@v4	2026-04-05T23:24:14.6484185Z Updating files:  71% (15373/21652)
Type Check & Lint	Run actions/checkout@v4	2026-04-05T23:24:14.6579307Z Updating files:  72% (15590/21652)
Type Check & Lint	Run actions/checkout@v4	2026-04-05T23:24:14.6677737Z Updating files:  73% (15806/21652)
Type Check & Lint	Run actions/checkout@v4	2026-04-05T23:24:14.6780163Z Updating files:  74% (16023/21652)
Type Check & Lint	Run actions/checkout@v4	2026-04-05T23:24:14.6885052Z Updating files:  75% (16239/21652)
Type Check & Lint	Run actions/checkout@v4	2026-04-05T23:24:14.7033503Z Updating files:  76% (16456/21652)
Type Check & Lint	Run actions/checkout@v4	2026-04-05T23:24:14.7157698Z Updating files:  77% (16673/21652)
Type Check & Lint	Run actions/checkout@v4	2026-04-05T23:24:14.7340222Z Updating files:  78% (16889/21652)
Type Check & Lint	Run actions/checkout@v4	2026-04-05T23:24:14.7491957Z Updating files:  79% (17106/21652)
Type Check & Lint	Run actions/checkout@v4	2026-04-05T23:24:14.7612527Z Updating files:  80% (17322/21652)
Type Check & Lint	Run actions/checkout@v4	2026-04-05T23:24:14.7746549Z Updating files:  81% (17539/21652)
Type Check & Lint	Run actions/checkout@v4	2026-04-05T23:24:14.7902466Z Updating files:  82% (17755/21652)
Type Check & Lint	Run actions/checkout@v4	2026-04-05T23:24:14.8017630Z Updating files:  83% (17972/21652)
Type Check & Lint	Run actions/checkout@v4	2026-04-05T23:24:14.8162307Z Updating files:  84% (18188/21652)
Type Check & Lint	Run actions/checkout@v4	2026-04-05T23:24:14.8280695Z Updating files:  85% (18405/21652)
Type Check & Lint	Run actions/checkout@v4	2026-04-05T23:24:14.8385966Z Updating files:  86% (18621/21652)
Type Check & Lint	Run actions/checkout@v4	2026-04-05T23:24:14.8501475Z Updating files:  87% (18838/21652)
Type Check & Lint	Run actions/checkout@v4	2026-04-05T23:24:14.9261886Z Updating files:  88% (19054/21652)
Type Check & Lint	Run actions/checkout@v4	2026-04-05T23:24:14.9343690Z Updating files:  89% (19271/21652)
Type Check & Lint	Run actions/checkout@v4	2026-04-05T23:24:14.9460243Z Updating files:  90% (19487/21652)
Type Check & Lint	Run actions/checkout@v4	2026-04-05T23:24:14.9654074Z Updating files:  91% (19704/21652)
Type Check & Lint	Run actions/checkout@v4	2026-04-05T23:24:14.9778465Z Updating files:  92% (19920/21652)
Type Check & Lint	Run actions/checkout@v4	2026-04-05T23:24:15.0081487Z Updating files:  93% (20137/21652)
Type Check & Lint	Run actions/checkout@v4	2026-04-05T23:24:15.0212964Z Updating files:  94% (20353/21652)
Type Check & Lint	Run actions/checkout@v4	2026-04-05T23:24:15.0325057Z Updating files:  95% (20570/21652)
Type Check & Lint	Run actions/checkout@v4	2026-04-05T23:24:15.0458019Z Updating files:  96% (20786/21652)
Type Check & Lint	Run actions/checkout@v4	2026-04-05T23:24:15.0561867Z Updating files:  97% (21003/21652)
Type Check & Lint	Run actions/checkout@v4	2026-04-05T23:24:15.0738122Z Updating files:  98% (21219/21652)
Type Check & Lint	Run actions/checkout@v4	2026-04-05T23:24:15.1016390Z Updating files:  99% (21436/21652)
Type Check & Lint	Run actions/checkout@v4	2026-04-05T23:24:15.1016865Z Updating files: 100% (21652/21652)
Type Check & Lint	Run actions/checkout@v4	2026-04-05T23:24:15.1017436Z Updating files: 100% (21652/21652), done.
Type Check & Lint	Run actions/checkout@v4	2026-04-05T23:24:15.1249431Z Switched to a new branch 'main'
Type Check & Lint	Run actions/checkout@v4	2026-04-05T23:24:15.1252098Z branch 'main' set up to track 'origin/main'.
Type Check & Lint	Run actions/checkout@v4	2026-04-05T23:24:15.1292614Z ##[endgroup]
Type Check & Lint	Run actions/checkout@v4	2026-04-05T23:24:15.1333159Z [command]/usr/bin/git log -1 --format=%H
Type Check & Lint	Run actions/checkout@v4	2026-04-05T23:24:15.1357114Z 0f4adc7e3b41833daa86d888604bcc8e2bbf9233
Type Check & Lint	Setup Node.js	∩╗┐2026-04-05T23:24:15.1592989Z ##[group]Run actions/setup-node@v4
Type Check & Lint	Setup Node.js	2026-04-05T23:24:15.1593359Z with:
Type Check & Lint	Setup Node.js	2026-04-05T23:24:15.1593555Z   node-version: 20.x
Type Check & Lint	Setup Node.js	2026-04-05T23:24:15.1593757Z   cache: npm
Type Check & Lint	Setup Node.js	2026-04-05T23:24:15.1593928Z   always-auth: false
Type Check & Lint	Setup Node.js	2026-04-05T23:24:15.1594132Z   check-latest: false
Type Check & Lint	Setup Node.js	2026-04-05T23:24:15.1594453Z   token: ***
Type Check & Lint	Setup Node.js	2026-04-05T23:24:15.1594634Z ##[endgroup]
Type Check & Lint	Setup Node.js	2026-04-05T23:24:15.3316071Z Found in cache @ /opt/hostedtoolcache/node/20.20.2/x64
Type Check & Lint	Setup Node.js	2026-04-05T23:24:15.3322862Z ##[group]Environment details
Type Check & Lint	Setup Node.js	2026-04-05T23:24:15.6155914Z node: v20.20.2
Type Check & Lint	Setup Node.js	2026-04-05T23:24:15.6156341Z npm: 10.8.2
Type Check & Lint	Setup Node.js	2026-04-05T23:24:15.6156615Z yarn: 1.22.22
Type Check & Lint	Setup Node.js	2026-04-05T23:24:15.6157416Z ##[endgroup]
Type Check & Lint	Setup Node.js	2026-04-05T23:24:15.6181104Z [command]/opt/hostedtoolcache/node/20.20.2/x64/bin/npm config get cache
Type Check & Lint	Setup Node.js	2026-04-05T23:24:15.7325598Z /home/runner/.npm
Type Check & Lint	Setup Node.js	2026-04-05T23:24:16.0266403Z Cache hit for: node-cache-Linux-x64-npm-59613f39b9d566d1241b0eed88c712838d273643b62aa30abf2a5f85521b7a19
Type Check & Lint	Setup Node.js	2026-04-05T23:24:17.3296915Z Received 0 of 621678357 (0.0%), 0.0 MBs/sec
Type Check & Lint	Setup Node.js	2026-04-05T23:24:18.3304714Z Received 117440512 of 621678357 (18.9%), 55.9 MBs/sec
Type Check & Lint	Setup Node.js	2026-04-05T23:24:19.3328984Z Received 260046848 of 621678357 (41.8%), 82.6 MBs/sec
Type Check & Lint	Setup Node.js	2026-04-05T23:24:20.3313624Z Received 402653184 of 621678357 (64.8%), 95.9 MBs/sec
Type Check & Lint	Setup Node.js	2026-04-05T23:24:21.3323056Z Received 562036736 of 621678357 (90.4%), 107.1 MBs/sec
Type Check & Lint	Setup Node.js	2026-04-05T23:24:21.7985114Z Received 621678357 of 621678357 (100.0%), 108.4 MBs/sec
Type Check & Lint	Setup Node.js	2026-04-05T23:24:21.7987378Z Cache Size: ~593 MB (621678357 B)
Type Check & Lint	Setup Node.js	2026-04-05T23:24:21.8050912Z [command]/usr/bin/tar -xf /home/runner/work/_temp/50588f53-f503-4109-b3fb-b06ce78874ee/cache.tzst -P -C /home/runner/work/bakedbot-for-brands/bakedbot-for-brands --use-compress-program unzstd
Type Check & Lint	Setup Node.js	2026-04-05T23:24:23.0554066Z Cache restored successfully
Type Check & Lint	Setup Node.js	2026-04-05T23:24:23.0914400Z Cache restored from key: node-cache-Linux-x64-npm-59613f39b9d566d1241b0eed88c712838d273643b62aa30abf2a5f85521b7a19
Type Check & Lint	Install dependencies	∩╗┐2026-04-05T23:24:23.1103548Z ##[group]Run npm ci
Type Check & Lint	Install dependencies	2026-04-05T23:24:23.1103837Z [36;1mnpm ci[0m
Type Check & Lint	Install dependencies	2026-04-05T23:24:23.1142997Z shell: /usr/bin/bash -e {0}
Type Check & Lint	Install dependencies	2026-04-05T23:24:23.1143270Z ##[endgroup]
Type Check & Lint	Install dependencies	2026-04-05T23:24:25.0967827Z npm warn EBADENGINE Unsupported engine {
Type Check & Lint	Install dependencies	2026-04-05T23:24:25.0968906Z npm warn EBADENGINE   package: '@mendable/firecrawl-js@4.11.0',
Type Check & Lint	Install dependencies	2026-04-05T23:24:25.0969825Z npm warn EBADENGINE   required: { node: '>=22.0.0' },
Type Check & Lint	Install dependencies	2026-04-05T23:24:25.0970713Z npm warn EBADENGINE   current: { node: 'v20.20.2', npm: '10.8.2' }
Type Check & Lint	Install dependencies	2026-04-05T23:24:25.0971430Z npm warn EBADENGINE }
Type Check & Lint	Install dependencies	2026-04-05T23:24:41.2019833Z npm warn deprecated @types/date-fns@2.6.3: This is a stub types definition. date-fns provides its own type definitions, so you do not need this installed.
Type Check & Lint	Install dependencies	2026-04-05T23:24:41.3211795Z npm warn deprecated inflight@1.0.6: This module is not supported, and leaks memory. Do not use it. Check out lru-cache if you want a good and tested way to coalesce async requests by a key value, which is much more comprehensive and powerful.
Type Check & Lint	Install dependencies	2026-04-05T23:24:41.7644680Z npm warn deprecated whatwg-encoding@3.1.1: Use @exodus/bytes instead for a more spec-conformant and faster implementation
Type Check & Lint	Install dependencies	2026-04-05T23:24:41.7912203Z npm warn deprecated lodash.isequal@4.5.0: This package is deprecated. Use require('node:util').isDeepStrictEqual instead.
Type Check & Lint	Install dependencies	2026-04-05T23:24:41.8484954Z npm warn deprecated @humanwhocodes/config-array@0.13.0: Use @eslint/config-array instead
Type Check & Lint	Install dependencies	2026-04-05T23:24:41.9067932Z npm warn deprecated rimraf@3.0.2: Rimraf versions prior to v4 are no longer supported
Type Check & Lint	Install dependencies	2026-04-05T23:24:41.9467017Z npm warn deprecated backbone-undo@0.2.6: Package no longer supported. Contact Support at https://www.npmjs.com/support for more info.
Type Check & Lint	Install dependencies	2026-04-05T23:24:42.3331055Z npm warn deprecated @humanwhocodes/object-schema@2.0.3: Use @eslint/object-schema instead
Type Check & Lint	Install dependencies	2026-04-05T23:24:42.3429108Z npm warn deprecated glob@7.2.3: Glob versions prior to v9 are no longer supported
Type Check & Lint	Install dependencies	2026-04-05T23:24:42.3448011Z npm warn deprecated glob@7.2.3: Glob versions prior to v9 are no longer supported
Type Check & Lint	Install dependencies	2026-04-05T23:24:42.3486280Z npm warn deprecated glob@7.2.3: Glob versions prior to v9 are no longer supported
Type Check & Lint	Install dependencies	2026-04-05T23:24:42.3504433Z npm warn deprecated glob@7.2.3: Glob versions prior to v9 are no longer supported
Type Check & Lint	Install dependencies	2026-04-05T23:24:42.3721201Z npm warn deprecated glob@7.2.3: Glob versions prior to v9 are no longer supported
Type Check & Lint	Install dependencies	2026-04-05T23:24:43.6286022Z npm warn deprecated @opentelemetry/exporter-jaeger@1.30.1: Package no longer supported. Contact Support at https://www.npmjs.com/support for more info.
Type Check & Lint	Install dependencies	2026-04-05T23:24:45.1363798Z npm warn deprecated source-map@0.8.0-beta.0: The work that was done in this beta branch won't be included in future versions
Type Check & Lint	Install dependencies	2026-04-05T23:24:45.4678918Z npm warn deprecated node-domexception@1.0.0: Use your platform's native DOMException instead
Type Check & Lint	Install dependencies	2026-04-05T23:24:59.6736909Z npm warn deprecated eslint@8.57.1: This version is no longer supported. Please see https://eslint.org/version-support for other options.
Type Check & Lint	Install dependencies	2026-04-05T23:25:19.4592465Z 
Type Check & Lint	Install dependencies	2026-04-05T23:25:19.4593221Z > bufferutil@4.1.0 install
Type Check & Lint	Install dependencies	2026-04-05T23:25:19.4593707Z > node-gyp-build
Type Check & Lint	Install dependencies	2026-04-05T23:25:19.4593913Z 
Type Check & Lint	Install dependencies	2026-04-05T23:25:19.6063432Z 
Type Check & Lint	Install dependencies	2026-04-05T23:25:19.6064075Z > secp256k1@5.0.1 install
Type Check & Lint	Install dependencies	2026-04-05T23:25:19.6064697Z > node-gyp-build || exit 0
Type Check & Lint	Install dependencies	2026-04-05T23:25:19.6064948Z 
Type Check & Lint	Install dependencies	2026-04-05T23:25:19.7470448Z 
Type Check & Lint	Install dependencies	2026-04-05T23:25:19.7471201Z > sharp@0.34.5 install
Type Check & Lint	Install dependencies	2026-04-05T23:25:19.7471764Z > node install/check.js || npm run build
Type Check & Lint	Install dependencies	2026-04-05T23:25:19.7472090Z 
Type Check & Lint	Install dependencies	2026-04-05T23:25:19.9009880Z 
Type Check & Lint	Install dependencies	2026-04-05T23:25:19.9010558Z > utf-8-validate@5.0.10 install
Type Check & Lint	Install dependencies	2026-04-05T23:25:19.9011002Z > node-gyp-build
Type Check & Lint	Install dependencies	2026-04-05T23:25:19.9011151Z 
Type Check & Lint	Install dependencies	2026-04-05T23:25:20.0412948Z 
Type Check & Lint	Install dependencies	2026-04-05T23:25:20.0414969Z > @firebase/util@1.13.0 postinstall
Type Check & Lint	Install dependencies	2026-04-05T23:25:20.0415632Z > node ./postinstall.js
Type Check & Lint	Install dependencies	2026-04-05T23:25:20.0415786Z 
Type Check & Lint	Install dependencies	2026-04-05T23:25:20.1521322Z 
Type Check & Lint	Install dependencies	2026-04-05T23:25:20.1522027Z > @sentry/cli@2.58.4 postinstall
Type Check & Lint	Install dependencies	2026-04-05T23:25:20.1522391Z > node ./scripts/install.js
Type Check & Lint	Install dependencies	2026-04-05T23:25:20.1522560Z 
Type Check & Lint	Install dependencies	2026-04-05T23:25:20.2901575Z 
Type Check & Lint	Install dependencies	2026-04-05T23:25:20.2902836Z > ccxt@4.5.33 postinstall
Type Check & Lint	Install dependencies	2026-04-05T23:25:20.2903318Z > node postinstall.js
Type Check & Lint	Install dependencies	2026-04-05T23:25:20.2903564Z 
Type Check & Lint	Install dependencies	2026-04-05T23:25:20.7610591Z 
Type Check & Lint	Install dependencies	2026-04-05T23:25:20.7611473Z > esbuild@0.27.2 postinstall
Type Check & Lint	Install dependencies	2026-04-05T23:25:20.7611974Z > node install.js
Type Check & Lint	Install dependencies	2026-04-05T23:25:20.7612177Z 
Type Check & Lint	Install dependencies	2026-04-05T23:25:20.8823088Z 
Type Check & Lint	Install dependencies	2026-04-05T23:25:20.8823726Z > protobufjs@7.5.4 postinstall
Type Check & Lint	Install dependencies	2026-04-05T23:25:20.8824270Z > node scripts/postinstall
Type Check & Lint	Install dependencies	2026-04-05T23:25:20.8824524Z 
Type Check & Lint	Install dependencies	2026-04-05T23:25:20.9928385Z 
Type Check & Lint	Install dependencies	2026-04-05T23:25:20.9929002Z > unrs-resolver@1.11.1 postinstall
Type Check & Lint	Install dependencies	2026-04-05T23:25:20.9929445Z > napi-postinstall unrs-resolver 1.11.1 check
Type Check & Lint	Install dependencies	2026-04-05T23:25:20.9929690Z 
Type Check & Lint	Install dependencies	2026-04-05T23:25:21.1126790Z 
Type Check & Lint	Install dependencies	2026-04-05T23:25:21.1127364Z > esbuild@0.25.0 postinstall
Type Check & Lint	Install dependencies	2026-04-05T23:25:21.1128156Z > node install.js
Type Check & Lint	Install dependencies	2026-04-05T23:25:21.1128378Z 
Type Check & Lint	Install dependencies	2026-04-05T23:25:21.6138292Z 
Type Check & Lint	Install dependencies	2026-04-05T23:25:21.6138834Z > nextn@0.1.0 postinstall
Type Check & Lint	Install dependencies	2026-04-05T23:25:21.6139801Z > node scripts/patch-punycode-deprecation.mjs && node scripts/install-git-hooks.mjs
Type Check & Lint	Install dependencies	2026-04-05T23:25:21.6140455Z 
Type Check & Lint	Install dependencies	2026-04-05T23:25:23.9530421Z [patch-punycode-deprecation] Patched 20 file(s).
Type Check & Lint	Install dependencies	2026-04-05T23:25:23.9983974Z [git-hooks] Configured core.hooksPath=.githooks
Type Check & Lint	Install dependencies	2026-04-05T23:25:24.0353329Z 
Type Check & Lint	Install dependencies	2026-04-05T23:25:24.0354053Z added 2605 packages, and audited 2606 packages in 1m
Type Check & Lint	Install dependencies	2026-04-05T23:25:24.0354492Z 
Type Check & Lint	Install dependencies	2026-04-05T23:25:24.0354748Z 423 packages are looking for funding
Type Check & Lint	Install dependencies	2026-04-05T23:25:24.0355229Z   run `npm fund` for details
Type Check & Lint	Install dependencies	2026-04-05T23:25:24.1556943Z 
Type Check & Lint	Install dependencies	2026-04-05T23:25:24.1558020Z 42 vulnerabilities (22 low, 3 moderate, 15 high, 2 critical)
Type Check & Lint	Install dependencies	2026-04-05T23:25:24.1558424Z 
Type Check & Lint	Install dependencies	2026-04-05T23:25:24.1558735Z To address issues that do not require attention, run:
Type Check & Lint	Install dependencies	2026-04-05T23:25:24.1559171Z   npm audit fix
Type Check & Lint	Install dependencies	2026-04-05T23:25:24.1559372Z 
Type Check & Lint	Install dependencies	2026-04-05T23:25:24.1559722Z To address all issues possible (including breaking changes), run:
Type Check & Lint	Install dependencies	2026-04-05T23:25:24.1560420Z   npm audit fix --force
Type Check & Lint	Install dependencies	2026-04-05T23:25:24.1560695Z 
Type Check & Lint	Install dependencies	2026-04-05T23:25:24.1561022Z Some issues need review, and may require choosing
Type Check & Lint	Install dependencies	2026-04-05T23:25:24.1561582Z a different dependency.
Type Check & Lint	Install dependencies	2026-04-05T23:25:24.1561826Z 
Type Check & Lint	Install dependencies	2026-04-05T23:25:24.1562008Z Run `npm audit` for details.
Type Check & Lint	Type Check	∩╗┐2026-04-05T23:25:24.4475584Z ##[group]Run npm run check:types
Type Check & Lint	Type Check	2026-04-05T23:25:24.4475896Z [36;1mnpm run check:types[0m
Type Check & Lint	Type Check	2026-04-05T23:25:24.4503584Z shell: /usr/bin/bash -e {0}
Type Check & Lint	Type Check	2026-04-05T23:25:24.4503829Z ##[endgroup]
Type Check & Lint	Type Check	2026-04-05T23:25:24.5656689Z 
Type Check & Lint	Type Check	2026-04-05T23:25:24.5657259Z > nextn@0.1.0 check:types
Type Check & Lint	Type Check	2026-04-05T23:25:24.5658416Z > node --max-old-space-size=8192 ./node_modules/typescript/bin/tsc --noEmit --incremental false
Type Check & Lint	Type Check	2026-04-05T23:25:24.5658930Z 
Type Check & Lint	Type Check	2026-04-05T23:26:50.2908581Z ##[error]src/lib/foot-traffic/checkout-router.ts(136,55): error TS2307: Cannot find module '@/server/services/availability-orchestrator' or its corresponding type declarations.
Type Check & Lint	Type Check	2026-04-05T23:26:50.2919712Z ##[error]src/server/agents/linus.ts(4756,69): error TS2339: Property 'id' does not exist on type 'GCPIncident'.
Type Check & Lint	Type Check	2026-04-05T23:26:50.2922889Z ##[error]src/server/agents/linus.ts(5023,5): error TS2353: Object literal may only specify known properties, and 'identity' does not exist in type 'AgentContext'.
Type Check & Lint	Type Check	2026-04-05T23:26:50.2926191Z ##[error]src/server/auth/api-key-auth.ts(8,47): error TS2307: Cannot find module '@/server/services/api-key-manager' or its corresponding type declarations.
Type Check & Lint	Type Check	2026-04-05T23:26:50.2929821Z ##[error]src/server/jobs/brand-discovery-job.ts(2,32): error TS2307: Cannot find module '@/server/services/brand-discovery' or its corresponding type declarations.
Type Check & Lint	Type Check	2026-04-05T23:26:50.2932995Z ##[error]src/server/jobs/seo-generator.ts(2,38): error TS2307: Cannot find module '../services/mass-discovery' or its corresponding type declarations.
Type Check & Lint	Type Check	2026-04-05T23:26:50.2936413Z ##[error]src/server/services/google-service-health.ts(66,3): error TS2345: Argument of type '() => Promise<GCPIncident[]>' is not assignable to parameter of type 'string'.
Type Check & Lint	Type Check	2026-04-05T23:26:50.2939748Z ##[error]src/server/services/google-service-health.ts(81,27): error TS2349: This expression is not callable.
Type Check & Lint	Type Check	2026-04-05T23:26:50.2941356Z   Type 'Promise<unknown>' has no call signatures.
Type Check & Lint	Type Check	2026-04-05T23:26:50.2942811Z ##[error]src/server/services/google-service-health.ts(97,46): error TS7006: Parameter 'incident' implicitly has an 'any' type.
Type Check & Lint	Type Check	2026-04-05T23:26:50.2945279Z ##[error]src/server/services/google-service-health.ts(98,36): error TS7006: Parameter 'p' implicitly has an 'any' type.
Type Check & Lint	Type Check	2026-04-05T23:26:50.2947922Z ##[error]src/server/services/google-service-health.ts(102,42): error TS7006: Parameter 'i' implicitly has an 'any' type.
Type Check & Lint	Type Check	2026-04-05T23:26:50.2950550Z ##[error]src/server/tools/system-health-tools.ts(16,36): error TS2349: This expression is not callable.
Type Check & Lint	Type Check	2026-04-05T23:26:50.2952154Z   Type 'Promise<unknown>' has no call signatures.
Type Check & Lint	Type Check	2026-04-05T23:26:50.2953556Z ##[error]src/server/tools/system-health-tools.ts(24,34): error TS7006: Parameter 'incident' implicitly has an 'any' type.
Type Check & Lint	Type Check	2026-04-05T23:26:50.6406027Z ##[error]Process completed with exit code 2.
Type Check & Lint	Post Run actions/checkout@v4	∩╗┐2026-04-05T23:26:50.6521836Z Post job cleanup.
Type Check & Lint	Post Run actions/checkout@v4	2026-04-05T23:26:50.7471454Z [command]/usr/bin/git version
Type Check & Lint	Post Run actions/checkout@v4	2026-04-05T23:26:50.7507017Z git version 2.53.0
Type Check & Lint	Post Run actions/checkout@v4	2026-04-05T23:26:50.7551015Z Temporarily overriding HOME='/home/runner/work/_temp/b07d0c8d-324c-4e0c-bef2-aa5e00d0a4f6' before making global git config changes
Type Check & Lint	Post Run actions/checkout@v4	2026-04-05T23:26:50.7552028Z Adding repository directory to the temporary git global config as a safe directory
Type Check & Lint	Post Run actions/checkout@v4	2026-04-05T23:26:50.7556759Z [command]/usr/bin/git config --global --add safe.directory /home/runner/work/bakedbot-for-brands/bakedbot-for-brands
Type Check & Lint	Post Run actions/checkout@v4	2026-04-05T23:26:50.7592054Z [command]/usr/bin/git config --local --name-only --get-regexp core\.sshCommand
Type Check & Lint	Post Run actions/checkout@v4	2026-04-05T23:26:50.7623958Z [command]/usr/bin/git submodule foreach --recursive sh -c "git config --local --name-only --get-regexp 'core\.sshCommand' && git config --local --unset-all 'core.sshCommand' || :"
Type Check & Lint	Post Run actions/checkout@v4	2026-04-05T23:26:50.7856637Z fatal: No url found for submodule path '.w' in .gitmodules
Type Check & Lint	Post Run actions/checkout@v4	2026-04-05T23:26:50.7901077Z ##[warning]The process '/usr/bin/git' failed with exit code 128
Type Check & Lint	Complete job	∩╗┐2026-04-05T23:26:50.7983638Z Cleaning up orphan processes
Type Check & Lint	Complete job	2026-04-05T23:26:50.8267861Z ##[warning]Node.js 20 actions are deprecated. The following actions are running on Node.js 20 and may not work as expected: actions/checkout@v4, actions/setup-node@v4. Actions will be forced to run with Node.js 24 by default starting June 2nd, 2026. Node.js 20 will be removed from the runner on September 16th, 2026. Please check if updated versions of these actions are available that support Node.js 24. To opt into Node.js 24 now, set the FORCE_JAVASCRIPT_ACTIONS_TO_NODE24=true environment variable on the runner or in your workflow file. Once Node.js 24 becomes the default, you can temporarily opt out by setting ACTIONS_ALLOW_USE_UNSECURE_NODE_VERSION=true. For more information see: https://github.blog/changelog/2025-09-19-deprecation-of-node-20-on-github-actions-runners/
