node.exe : (node:10124) 
[DEP0040] 
DeprecationWarning: The 
`punycode` module is 
deprecated. Please use a 
userland alternative 
instead.
At C:\Program 
Files\nodejs\npx.ps1:29 
char:3
+   & $NODE_EXE $NPX_CLI_JS 
$args
+   ~~~~~~~~~~~~~~~~~~~~~~~~
~~~~~
    + CategoryInfo          
    : NotSpecified: ((node  
  :10124) [D...native ins   
 tead.:String) [], Remot    
eException
    + FullyQualifiedErrorId 
    : NativeCommandError
 
(Use `node 
--trace-deprecation ...` to 
show where the warning was 
created)
FAIL tests/server/services/p
laybook-stages/resolve-scope
.test.ts (15.692 s)
  ΓùÅ Console

    console.log
      [INFO] 
2026-03-12T22:49:41.538Z 
[Stage: resolving_scope] 
Run run_1

      at log 
(src/lib/logger.ts:108:25)

    console.log
      [INFO] 
2026-03-12T22:49:41.592Z 
[Stage: resolving_scope] 
Run run_1

      at log 
(src/lib/logger.ts:108:25)

  ΓùÅ resolveScopeExecutor 
ΓÇ║ should fetch 
competitors from org 
profile if requested

    expect(received).toEqual
(expected) // deep equality

    - Expected  - 1
    + Received  + 0

      Array [
        "comp_1",
        "comp_2",
    -   "comp_a",
      ]

    [0m [90m 71 |[39m
     [90m 72 |[39m        
 expect(result[33m.[39msta
tus)[33m.[39mtoBe([32m'co
mpleted'[39m)[33m;[39m
    
[31m[1m>[22m[39m[90m 
73 |[39m         expect(res
ult[33m.[39mstageOutput[3
3m.[39mcompetitorIds)[33m.
[39mtoEqual([[32m'comp_1'
[39m[33m,[39m [32m'comp_2
'[39m[33m,[39m [32m'comp
_a'[39m])[33m;[39m
     [90m    |[39m        
                            
              
[31m[1m^[22m[39m
     [90m 74 |[39m        
 expect(mockFirestore[33m.
[39mcollection)[33m.[39mto
HaveBeenCalledWith([32m'ten
ants'[39m)[33m;[39m
     [90m 75 |[39m     
})[33m;[39m
     [90m 76 |[39m 
})[33m;[39m[0m

      at Object.toEqual (tes
ts/server/services/playbook-
stages/resolve-scope.test.ts
:73:50)

(node:4960) [DEP0040] 
DeprecationWarning: The 
`punycode` module is 
deprecated. Please use a 
userland alternative 
instead.
(Use `node 
--trace-deprecation ...` to 
show where the warning was 
created)
FAIL tests/api/playbooks/run
s.test.ts (16.106 s)
  ΓùÅ Console

    console.error
      [API] Playbook manual 
run error: TypeError: 
this.text is not a function
          at 
RequestPolyfill.text 
(C:\Users\admin\BakedBot 
for Brands\bakedbot-for-bran
ds\jest.setup.js:125:33)
          at json 
(C:\Users\admin\BakedBot 
for Brands\bakedbot-for-bran
ds\src\app\api\playbooks\[pl
aybookId]\runs\route.ts:13:3
2)
          at 
Object.<anonymous> 
(C:\Users\admin\BakedBot 
for Brands\bakedbot-for-bran
ds\tests\api\playbooks\runs.
test.ts:42:31)
          at 
Promise.then.completed 
(C:\Users\admin\BakedBot 
for Brands\bakedbot-for-bran
ds\node_modules\jest-circus\
build\utils.js:298:28)
          at new Promise 
(<anonymous>)
          at 
callAsyncCircusFn 
(C:\Users\admin\BakedBot 
for Brands\bakedbot-for-bran
ds\node_modules\jest-circus\
build\utils.js:231:10)
          at 
_callCircusTest 
(C:\Users\admin\BakedBot 
for Brands\bakedbot-for-bran
ds\node_modules\jest-circus\
build\run.js:316:40)
          at 
processTicksAndRejections (n
ode:internal/process/task_qu
eues:105:5)
          at _runTest 
(C:\Users\admin\BakedBot 
for Brands\bakedbot-for-bran
ds\node_modules\jest-circus\
build\run.js:252:3)
          at 
_runTestsForDescribeBlock 
(C:\Users\admin\BakedBot 
for Brands\bakedbot-for-bran
ds\node_modules\jest-circus\
build\run.js:126:9)
          at 
_runTestsForDescribeBlock 
(C:\Users\admin\BakedBot 
for Brands\bakedbot-for-bran
ds\node_modules\jest-circus\
build\run.js:121:9)
          at run 
(C:\Users\admin\BakedBot 
for Brands\bakedbot-for-bran
ds\node_modules\jest-circus\
build\run.js:71:3)
          at runAndTransform
ResultsToJestFormat 
(C:\Users\admin\BakedBot 
for Brands\bakedbot-for-bran
ds\node_modules\jest-circus\
build\legacy-code-todo-rewri
te\jestAdapterInit.js:122:21
)
          at jestAdapter 
(C:\Users\admin\BakedBot 
for Brands\bakedbot-for-bran
ds\node_modules\jest-circus\
build\legacy-code-todo-rewri
te\jestAdapter.js:79:19)
          at 
runTestInternal 
(C:\Users\admin\BakedBot 
for Brands\bakedbot-for-bran
ds\node_modules\jest-runner\
build\runTest.js:367:16)
          at runTest 
(C:\Users\admin\BakedBot 
for Brands\bakedbot-for-bran
ds\node_modules\jest-runner\
build\runTest.js:444:34)
          at Object.worker 
(C:\Users\admin\BakedBot 
for Brands\bakedbot-for-bran
ds\node_modules\jest-runner\
build\testWorker.js:106:12)

    [0m [90m 28 |[39m    
     [36mreturn[39m [33mN
extResponse[39m[33m.[39mj
son(runResult)[33m;[39m
     [90m 29 |[39m     } 
[36mcatch[39m (error) {
    
[31m[1m>[22m[39m[90m 
30 |[39m         console[3
3m.[39merror([32m'[API] 
Playbook manual run 
error:'[39m[33m,[39m 
error)[33m;[39m
     [90m    |[39m        
         
[31m[1m^[22m[39m
     [90m 31 |[39m        
 [36mreturn[39m [33mNextR
esponse[39m[33m.[39mjson(
     [90m 32 |[39m        
     { error[33m:[39m 
error [36minstanceof[39m 
[33mError[39m [33m?[39m 
error[33m.[39mmessage 
[33m:[39m [32m'Internal 
Server Error'[39m 
}[33m,[39m
     [90m 33 |[39m        
     { status[33m:[39m 
[35m500[39m }[0m

      at error (src/app/api/
playbooks/[playbookId]/runs/
route.ts:30:17)
      at Object.<anonymous> 
(tests/api/playbooks/runs.te
st.ts:42:21)

    console.error
      [API] Playbook manual 
run error: TypeError: 
this.text is not a function
          at 
RequestPolyfill.text 
(C:\Users\admin\BakedBot 
for Brands\bakedbot-for-bran
ds\jest.setup.js:125:33)
          at json 
(C:\Users\admin\BakedBot 
for Brands\bakedbot-for-bran
ds\src\app\api\playbooks\[pl
aybookId]\runs\route.ts:13:3
2)
          at 
Object.<anonymous> 
(C:\Users\admin\BakedBot 
for Brands\bakedbot-for-bran
ds\tests\api\playbooks\runs.
test.ts:54:31)
          at 
Promise.then.completed 
(C:\Users\admin\BakedBot 
for Brands\bakedbot-for-bran
ds\node_modules\jest-circus\
build\utils.js:298:28)
          at new Promise 
(<anonymous>)
          at 
callAsyncCircusFn 
(C:\Users\admin\BakedBot 
for Brands\bakedbot-for-bran
ds\node_modules\jest-circus\
build\utils.js:231:10)
          at 
_callCircusTest 
(C:\Users\admin\BakedBot 
for Brands\bakedbot-for-bran
ds\node_modules\jest-circus\
build\run.js:316:40)
          at 
processTicksAndRejections (n
ode:internal/process/task_qu
eues:105:5)
          at _runTest 
(C:\Users\admin\BakedBot 
for Brands\bakedbot-for-bran
ds\node_modules\jest-circus\
build\run.js:252:3)
          at 
_runTestsForDescribeBlock 
(C:\Users\admin\BakedBot 
for Brands\bakedbot-for-bran
ds\node_modules\jest-circus\
build\run.js:126:9)
          at 
_runTestsForDescribeBlock 
(C:\Users\admin\BakedBot 
for Brands\bakedbot-for-bran
ds\node_modules\jest-circus\
build\run.js:121:9)
          at run 
(C:\Users\admin\BakedBot 
for Brands\bakedbot-for-bran
ds\node_modules\jest-circus\
build\run.js:71:3)
          at runAndTransform
ResultsToJestFormat 
(C:\Users\admin\BakedBot 
for Brands\bakedbot-for-bran
ds\node_modules\jest-circus\
build\legacy-code-todo-rewri
te\jestAdapterInit.js:122:21
)
          at jestAdapter 
(C:\Users\admin\BakedBot 
for Brands\bakedbot-for-bran
ds\node_modules\jest-circus\
build\legacy-code-todo-rewri
te\jestAdapter.js:79:19)
          at 
runTestInternal 
(C:\Users\admin\BakedBot 
for Brands\bakedbot-for-bran
ds\node_modules\jest-runner\
build\runTest.js:367:16)
          at runTest 
(C:\Users\admin\BakedBot 
for Brands\bakedbot-for-bran
ds\node_modules\jest-runner\
build\runTest.js:444:34)
          at Object.worker 
(C:\Users\admin\BakedBot 
for Brands\bakedbot-for-bran
ds\node_modules\jest-runner\
build\testWorker.js:106:12)

    [0m [90m 28 |[39m    
     [36mreturn[39m [33mN
extResponse[39m[33m.[39mj
son(runResult)[33m;[39m
     [90m 29 |[39m     } 
[36mcatch[39m (error) {
    
[31m[1m>[22m[39m[90m 
30 |[39m         console[3
3m.[39merror([32m'[API] 
Playbook manual run 
error:'[39m[33m,[39m 
error)[33m;[39m
     [90m    |[39m        
         
[31m[1m^[22m[39m
     [90m 31 |[39m        
 [36mreturn[39m [33mNextR
esponse[39m[33m.[39mjson(
     [90m 32 |[39m        
     { error[33m:[39m 
error [36minstanceof[39m 
[33mError[39m [33m?[39m 
error[33m.[39mmessage 
[33m:[39m [32m'Internal 
Server Error'[39m 
}[33m,[39m
     [90m 33 |[39m        
     { status[33m:[39m 
[35m500[39m }[0m

      at error (src/app/api/
playbooks/[playbookId]/runs/
route.ts:30:17)
      at Object.<anonymous> 
(tests/api/playbooks/runs.te
st.ts:54:21)

  ΓùÅ POST /api/playbooks/[p
laybookId]/runs ΓÇ║ should 
return 404 if playbook not 
found

    expect(received).toBe(ex
pected) // Object.is 
equality

    Expected: 404
    Received: 500

    [0m [90m 41 |[39m
     [90m 42 |[39m        
 [36mconst[39m res 
[33m=[39m [36mawait[39m 
[33mPOST[39m(req[33m,[39
m { params[33m:[39m { 
playbookId[33m:[39m 
[32m'pb_1'[39m } 
})[33m;[39m
    
[31m[1m>[22m[39m[90m 
43 |[39m         expect(res
[33m.[39mstatus)[33m.[39
mtoBe([35m404[39m)[33m;[
39m
     [90m    |[39m        
                    
[31m[1m^[22m[39m
     [90m 44 |[39m     
})[33m;[39m
     [90m 45 |[39m
     [90m 46 |[39m     
it([32m'should start a run 
if playbook 
exists'[39m[33m,[39m 
[36masync[39m () 
[33m=>[39m {[0m

      at Object.toBe (tests/
api/playbooks/runs.test.ts:4
3:28)

  ΓùÅ POST /api/playbooks/[p
laybookId]/runs ΓÇ║ should 
start a run if playbook 
exists

    expect(received).toBe(ex
pected) // Object.is 
equality

    Expected: 200
    Received: 500

    [0m [90m 53 |[39m
     [90m 54 |[39m        
 [36mconst[39m res 
[33m=[39m [36mawait[39m 
[33mPOST[39m(req[33m,[39
m { params[33m:[39m { 
playbookId[33m:[39m 
[32m'pb_1'[39m } 
})[33m;[39m
    
[31m[1m>[22m[39m[90m 
55 |[39m         expect(res
[33m.[39mstatus)[33m.[39
mtoBe([35m200[39m)[33m;[
39m
     [90m    |[39m        
                    
[31m[1m^[22m[39m
     [90m 56 |[39m
     [90m 57 |[39m        
 [36mconst[39m data 
[33m=[39m [36mawait[39m 
res[33m.[39mjson()[33m;[
39m
     [90m 58 |[39m        
 expect(data[33m.[39mrunId
)[33m.[39mtoBe([32m'run_1
23'[39m)[33m;[39m[0m

      at Object.toBe (tests/
api/playbooks/runs.test.ts:5
5:28)

FAIL tests/api/playbook-runs
/retry.test.ts
  ΓùÅ Console

    console.error
      [API] Playbook retry 
error: TypeError: this.text 
is not a function
          at 
RequestPolyfill.text 
(C:\Users\admin\BakedBot 
for Brands\bakedbot-for-bran
ds\jest.setup.js:125:33)
          at json 
(C:\Users\admin\BakedBot 
for Brands\bakedbot-for-bran
ds\src\app\api\playbook-runs
\[runId]\retry\route.ts:11:3
2)
          at 
Object.<anonymous> 
(C:\Users\admin\BakedBot 
for Brands\bakedbot-for-bran
ds\tests\api\playbook-runs\r
etry.test.ts:36:31)
          at 
Promise.then.completed 
(C:\Users\admin\BakedBot 
for Brands\bakedbot-for-bran
ds\node_modules\jest-circus\
build\utils.js:298:28)
          at new Promise 
(<anonymous>)
          at 
callAsyncCircusFn 
(C:\Users\admin\BakedBot 
for Brands\bakedbot-for-bran
ds\node_modules\jest-circus\
build\utils.js:231:10)
          at 
_callCircusTest 
(C:\Users\admin\BakedBot 
for Brands\bakedbot-for-bran
ds\node_modules\jest-circus\
build\run.js:316:40)
          at 
processTicksAndRejections (n
ode:internal/process/task_qu
eues:105:5)
          at _runTest 
(C:\Users\admin\BakedBot 
for Brands\bakedbot-for-bran
ds\node_modules\jest-circus\
build\run.js:252:3)
          at 
_runTestsForDescribeBlock 
(C:\Users\admin\BakedBot 
for Brands\bakedbot-for-bran
ds\node_modules\jest-circus\
build\run.js:126:9)
          at 
_runTestsForDescribeBlock 
(C:\Users\admin\BakedBot 
for Brands\bakedbot-for-bran
ds\node_modules\jest-circus\
build\run.js:121:9)
          at run 
(C:\Users\admin\BakedBot 
for Brands\bakedbot-for-bran
ds\node_modules\jest-circus\
build\run.js:71:3)
          at runAndTransform
ResultsToJestFormat 
(C:\Users\admin\BakedBot 
for Brands\bakedbot-for-bran
ds\node_modules\jest-circus\
build\legacy-code-todo-rewri
te\jestAdapterInit.js:122:21
)
          at jestAdapter 
(C:\Users\admin\BakedBot 
for Brands\bakedbot-for-bran
ds\node_modules\jest-circus\
build\legacy-code-todo-rewri
te\jestAdapter.js:79:19)
          at 
runTestInternal 
(C:\Users\admin\BakedBot 
for Brands\bakedbot-for-bran
ds\node_modules\jest-runner\
build\runTest.js:367:16)
          at runTest 
(C:\Users\admin\BakedBot 
for Brands\bakedbot-for-bran
ds\node_modules\jest-runner\
build\runTest.js:444:34)
          at Object.worker 
(C:\Users\admin\BakedBot 
for Brands\bakedbot-for-bran
ds\node_modules\jest-runner\
build\testWorker.js:106:12)

    [0m [90m 34 |[39m    
     [36mreturn[39m [33mN
extResponse[39m[33m.[39mj
son({ success[33m:[39m 
[36mtrue[39m[33m,[39m 
runId[33m,[39m 
stageRequeued[33m:[39m 
stageName })[33m;[39m
     [90m 35 |[39m     } 
[36mcatch[39m (error) {
    
[31m[1m>[22m[39m[90m 
36 |[39m         console[3
3m.[39merror([32m'[API] 
Playbook retry 
error:'[39m[33m,[39m 
error)[33m;[39m
     [90m    |[39m        
         
[31m[1m^[22m[39m
     [90m 37 |[39m        
 [36mreturn[39m [33mNextR
esponse[39m[33m.[39mjson(
     [90m 38 |[39m        
     { error[33m:[39m 
error [36minstanceof[39m 
[33mError[39m [33m?[39m 
error[33m.[39mmessage 
[33m:[39m [32m'Internal 
Server Error'[39m 
}[33m,[39m
     [90m 39 |[39m        
     { status[33m:[39m 
[35m500[39m }[0m

      at error (src/app/api/
playbook-runs/[runId]/retry/
route.ts:36:17)
      at Object.<anonymous> 
(tests/api/playbook-runs/ret
ry.test.ts:36:21)

    console.error
      [API] Playbook retry 
error: TypeError: this.text 
is not a function
          at 
RequestPolyfill.text 
(C:\Users\admin\BakedBot 
for Brands\bakedbot-for-bran
ds\jest.setup.js:125:33)
          at json 
(C:\Users\admin\BakedBot 
for Brands\bakedbot-for-bran
ds\src\app\api\playbook-runs
\[runId]\retry\route.ts:11:3
2)
          at 
Object.<anonymous> 
(C:\Users\admin\BakedBot 
for Brands\bakedbot-for-bran
ds\tests\api\playbook-runs\r
etry.test.ts:48:31)
          at 
Promise.then.completed 
(C:\Users\admin\BakedBot 
for Brands\bakedbot-for-bran
ds\node_modules\jest-circus\
build\utils.js:298:28)
          at new Promise 
(<anonymous>)
          at 
callAsyncCircusFn 
(C:\Users\admin\BakedBot 
for Brands\bakedbot-for-bran
ds\node_modules\jest-circus\
build\utils.js:231:10)
          at 
_callCircusTest 
(C:\Users\admin\BakedBot 
for Brands\bakedbot-for-bran
ds\node_modules\jest-circus\
build\run.js:316:40)
          at 
processTicksAndRejections (n
ode:internal/process/task_qu
eues:105:5)
          at _runTest 
(C:\Users\admin\BakedBot 
for Brands\bakedbot-for-bran
ds\node_modules\jest-circus\
build\run.js:252:3)
          at 
_runTestsForDescribeBlock 
(C:\Users\admin\BakedBot 
for Brands\bakedbot-for-bran
ds\node_modules\jest-circus\
build\run.js:126:9)
          at 
_runTestsForDescribeBlock 
(C:\Users\admin\BakedBot 
for Brands\bakedbot-for-bran
ds\node_modules\jest-circus\
build\run.js:121:9)
          at run 
(C:\Users\admin\BakedBot 
for Brands\bakedbot-for-bran
ds\node_modules\jest-circus\
build\run.js:71:3)
          at runAndTransform
ResultsToJestFormat 
(C:\Users\admin\BakedBot 
for Brands\bakedbot-for-bran
ds\node_modules\jest-circus\
build\legacy-code-todo-rewri
te\jestAdapterInit.js:122:21
)
          at jestAdapter 
(C:\Users\admin\BakedBot 
for Brands\bakedbot-for-bran
ds\node_modules\jest-circus\
build\legacy-code-todo-rewri
te\jestAdapter.js:79:19)
          at 
runTestInternal 
(C:\Users\admin\BakedBot 
for Brands\bakedbot-for-bran
ds\node_modules\jest-runner\
build\runTest.js:367:16)
          at runTest 
(C:\Users\admin\BakedBot 
for Brands\bakedbot-for-bran
ds\node_modules\jest-runner\
build\runTest.js:444:34)
          at Object.worker 
(C:\Users\admin\BakedBot 
for Brands\bakedbot-for-bran
ds\node_modules\jest-runner\
build\testWorker.js:106:12)

    [0m [90m 34 |[39m    
     [36mreturn[39m [33mN
extResponse[39m[33m.[39mj
son({ success[33m:[39m 
[36mtrue[39m[33m,[39m 
runId[33m,[39m 
stageRequeued[33m:[39m 
stageName })[33m;[39m
     [90m 35 |[39m     } 
[36mcatch[39m (error) {
    
[31m[1m>[22m[39m[90m 
36 |[39m         console[3
3m.[39merror([32m'[API] 
Playbook retry 
error:'[39m[33m,[39m 
error)[33m;[39m
     [90m    |[39m        
         
[31m[1m^[22m[39m
     [90m 37 |[39m        
 [36mreturn[39m [33mNextR
esponse[39m[33m.[39mjson(
     [90m 38 |[39m        
     { error[33m:[39m 
error [36minstanceof[39m 
[33mError[39m [33m?[39m 
error[33m.[39mmessage 
[33m:[39m [32m'Internal 
Server Error'[39m 
}[33m,[39m
     [90m 39 |[39m        
     { status[33m:[39m 
[35m500[39m }[0m

      at error (src/app/api/
playbook-runs/[runId]/retry/
route.ts:36:17)
      at Object.<anonymous> 
(tests/api/playbook-runs/ret
ry.test.ts:48:21)

    console.error
      [API] Playbook retry 
error: TypeError: this.text 
is not a function
          at 
RequestPolyfill.text 
(C:\Users\admin\BakedBot 
for Brands\bakedbot-for-bran
ds\jest.setup.js:125:33)
          at json 
(C:\Users\admin\BakedBot 
for Brands\bakedbot-for-bran
ds\src\app\api\playbook-runs
\[runId]\retry\route.ts:11:3
2)
          at 
Object.<anonymous> 
(C:\Users\admin\BakedBot 
for Brands\bakedbot-for-bran
ds\tests\api\playbook-runs\r
etry.test.ts:63:31)
          at 
Promise.then.completed 
(C:\Users\admin\BakedBot 
for Brands\bakedbot-for-bran
ds\node_modules\jest-circus\
build\utils.js:298:28)
          at new Promise 
(<anonymous>)
          at 
callAsyncCircusFn 
(C:\Users\admin\BakedBot 
for Brands\bakedbot-for-bran
ds\node_modules\jest-circus\
build\utils.js:231:10)
          at 
_callCircusTest 
(C:\Users\admin\BakedBot 
for Brands\bakedbot-for-bran
ds\node_modules\jest-circus\
build\run.js:316:40)
          at 
processTicksAndRejections (n
ode:internal/process/task_qu
eues:105:5)
          at _runTest 
(C:\Users\admin\BakedBot 
for Brands\bakedbot-for-bran
ds\node_modules\jest-circus\
build\run.js:252:3)
          at 
_runTestsForDescribeBlock 
(C:\Users\admin\BakedBot 
for Brands\bakedbot-for-bran
ds\node_modules\jest-circus\
build\run.js:126:9)
          at 
_runTestsForDescribeBlock 
(C:\Users\admin\BakedBot 
for Brands\bakedbot-for-bran
ds\node_modules\jest-circus\
build\run.js:121:9)
          at run 
(C:\Users\admin\BakedBot 
for Brands\bakedbot-for-bran
ds\node_modules\jest-circus\
build\run.js:71:3)
          at runAndTransform
ResultsToJestFormat 
(C:\Users\admin\BakedBot 
for Brands\bakedbot-for-bran
ds\node_modules\jest-circus\
build\legacy-code-todo-rewri
te\jestAdapterInit.js:122:21
)
          at jestAdapter 
(C:\Users\admin\BakedBot 
for Brands\bakedbot-for-bran
ds\node_modules\jest-circus\
build\legacy-code-todo-rewri
te\jestAdapter.js:79:19)
          at 
runTestInternal 
(C:\Users\admin\BakedBot 
for Brands\bakedbot-for-bran
ds\node_modules\jest-runner\
build\runTest.js:367:16)
          at runTest 
(C:\Users\admin\BakedBot 
for Brands\bakedbot-for-bran
ds\node_modules\jest-runner\
build\runTest.js:444:34)
          at Object.worker 
(C:\Users\admin\BakedBot 
for Brands\bakedbot-for-bran
ds\node_modules\jest-runner\
build\testWorker.js:106:12)

    [0m [90m 34 |[39m    
     [36mreturn[39m [33mN
extResponse[39m[33m.[39mj
son({ success[33m:[39m 
[36mtrue[39m[33m,[39m 
runId[33m,[39m 
stageRequeued[33m:[39m 
stageName })[33m;[39m
     [90m 35 |[39m     } 
[36mcatch[39m (error) {
    
[31m[1m>[22m[39m[90m 
36 |[39m         console[3
3m.[39merror([32m'[API] 
Playbook retry 
error:'[39m[33m,[39m 
error)[33m;[39m
     [90m    |[39m        
         
[31m[1m^[22m[39m
     [90m 37 |[39m        
 [36mreturn[39m [33mNextR
esponse[39m[33m.[39mjson(
     [90m 38 |[39m        
     { error[33m:[39m 
error [36minstanceof[39m 
[33mError[39m [33m?[39m 
error[33m.[39mmessage 
[33m:[39m [32m'Internal 
Server Error'[39m 
}[33m,[39m
     [90m 39 |[39m        
     { status[33m:[39m 
[35m500[39m }[0m

      at error (src/app/api/
playbook-runs/[runId]/retry/
route.ts:36:17)
      at Object.<anonymous> 
(tests/api/playbook-runs/ret
ry.test.ts:63:21)

  ΓùÅ POST /api/playbook-run
s/[runId]/retry ΓÇ║ should 
return 400 if stageName is 
missing

    expect(received).toBe(ex
pected) // Object.is 
equality

    Expected: 400
    Received: 500

    [0m [90m 35 |[39m
     [90m 36 |[39m        
 [36mconst[39m res 
[33m=[39m [36mawait[39m 
[33mPOST[39m(req[33m,[39
m { params[33m:[39m { 
runId[33m:[39m 
[32m'run_1'[39m } 
})[33m;[39m
    
[31m[1m>[22m[39m[90m 
37 |[39m         expect(res
[33m.[39mstatus)[33m.[39
mtoBe([35m400[39m)[33m;[
39m
     [90m    |[39m        
                    
[31m[1m^[22m[39m
     [90m 38 |[39m     
})[33m;[39m
     [90m 39 |[39m
     [90m 40 |[39m     
it([32m'should return 404 
if run is not 
found'[39m[33m,[39m 
[36masync[39m () 
[33m=>[39m {[0m

      at Object.toBe (tests/
api/playbook-runs/retry.test
.ts:37:28)

  ΓùÅ POST /api/playbook-run
s/[runId]/retry ΓÇ║ should 
return 404 if run is not 
found

    expect(received).toBe(ex
pected) // Object.is 
equality

    Expected: 404
    Received: 500

    [0m [90m 47 |[39m
     [90m 48 |[39m        
 [36mconst[39m res 
[33m=[39m [36mawait[39m 
[33mPOST[39m(req[33m,[39
m { params[33m:[39m { 
runId[33m:[39m 
[32m'run_1'[39m } 
})[33m;[39m
    
[31m[1m>[22m[39m[90m 
49 |[39m         expect(res
[33m.[39mstatus)[33m.[39
mtoBe([35m404[39m)[33m;[
39m
     [90m    |[39m        
                    
[31m[1m^[22m[39m
     [90m 50 |[39m     
})[33m;[39m
     [90m 51 |[39m
     [90m 52 |[39m     
it([32m'should enqueue the 
specified stage and return 
200'[39m[33m,[39m 
[36masync[39m () 
[33m=>[39m {[0m

      at Object.toBe (tests/
api/playbook-runs/retry.test
.ts:49:28)

  ΓùÅ POST /api/playbook-run
s/[runId]/retry ΓÇ║ should 
enqueue the specified stage 
and return 200

    expect(received).toBe(ex
pected) // Object.is 
equality

    Expected: 200
    Received: 500

    [0m [90m 62 |[39m
     [90m 63 |[39m        
 [36mconst[39m res 
[33m=[39m [36mawait[39m 
[33mPOST[39m(req[33m,[39
m { params[33m:[39m { 
runId[33m:[39m 
[32m'run_1'[39m } 
})[33m;[39m
    
[31m[1m>[22m[39m[90m 
64 |[39m         expect(res
[33m.[39mstatus)[33m.[39
mtoBe([35m200[39m)[33m;[
39m
     [90m    |[39m        
                    
[31m[1m^[22m[39m
     [90m 65 |[39m
     [90m 66 |[39m        
 [36mconst[39m data 
[33m=[39m [36mawait[39m 
res[33m.[39mjson()[33m;[
39m
     [90m 67 |[39m        
 expect(data[33m.[39mstage
Requeued)[33m.[39mtoBe([3
2m'validating'[39m)[33m;[
39m[0m

      at Object.toBe (tests/
api/playbook-runs/retry.test
.ts:64:28)

(node:9736) [DEP0040] 
DeprecationWarning: The 
`punycode` module is 
deprecated. Please use a 
userland alternative 
instead.
(Use `node 
--trace-deprecation ...` to 
show where the warning was 
created)
FAIL tests/api/playbook-runs
/approve.test.ts (17.191 s)
  ΓùÅ Console

    console.error
      [API] Playbook 
approve error: TypeError: 
this.text is not a function
          at 
RequestPolyfill.text 
(C:\Users\admin\BakedBot 
for Brands\bakedbot-for-bran
ds\jest.setup.js:125:33)
          at json 
(C:\Users\admin\BakedBot 
for Brands\bakedbot-for-bran
ds\src\app\api\playbook-runs
\[runId]\approve\route.ts:12
:32)
          at 
Object.<anonymous> 
(C:\Users\admin\BakedBot 
for Brands\bakedbot-for-bran
ds\tests\api\playbook-runs\a
pprove.test.ts:23:31)
          at 
Promise.then.completed 
(C:\Users\admin\BakedBot 
for Brands\bakedbot-for-bran
ds\node_modules\jest-circus\
build\utils.js:298:28)
          at new Promise 
(<anonymous>)
          at 
callAsyncCircusFn 
(C:\Users\admin\BakedBot 
for Brands\bakedbot-for-bran
ds\node_modules\jest-circus\
build\utils.js:231:10)
          at 
_callCircusTest 
(C:\Users\admin\BakedBot 
for Brands\bakedbot-for-bran
ds\node_modules\jest-circus\
build\run.js:316:40)
          at 
processTicksAndRejections (n
ode:internal/process/task_qu
eues:105:5)
          at _runTest 
(C:\Users\admin\BakedBot 
for Brands\bakedbot-for-bran
ds\node_modules\jest-circus\
build\run.js:252:3)
          at 
_runTestsForDescribeBlock 
(C:\Users\admin\BakedBot 
for Brands\bakedbot-for-bran
ds\node_modules\jest-circus\
build\run.js:126:9)
          at 
_runTestsForDescribeBlock 
(C:\Users\admin\BakedBot 
for Brands\bakedbot-for-bran
ds\node_modules\jest-circus\
build\run.js:121:9)
          at run 
(C:\Users\admin\BakedBot 
for Brands\bakedbot-for-bran
ds\node_modules\jest-circus\
build\run.js:71:3)
          at runAndTransform
ResultsToJestFormat 
(C:\Users\admin\BakedBot 
for Brands\bakedbot-for-bran
ds\node_modules\jest-circus\
build\legacy-code-todo-rewri
te\jestAdapterInit.js:122:21
)
          at jestAdapter 
(C:\Users\admin\BakedBot 
for Brands\bakedbot-for-bran
ds\node_modules\jest-circus\
build\legacy-code-todo-rewri
te\jestAdapter.js:79:19)
          at 
runTestInternal 
(C:\Users\admin\BakedBot 
for Brands\bakedbot-for-bran
ds\node_modules\jest-runner\
build\runTest.js:367:16)
          at runTest 
(C:\Users\admin\BakedBot 
for Brands\bakedbot-for-bran
ds\node_modules\jest-runner\
build\runTest.js:444:34)
          at Object.worker 
(C:\Users\admin\BakedBot 
for Brands\bakedbot-for-bran
ds\node_modules\jest-runner\
build\testWorker.js:106:12)

    [0m [90m 25 |[39m    
     [36mreturn[39m [33mN
extResponse[39m[33m.[39mj
son({ success[33m:[39m 
[36mtrue[39m[33m,[39m 
runId[33m,[39m 
approved[33m:[39m 
body[33m.[39mapproved 
})[33m;[39m
     [90m 26 |[39m     } 
[36mcatch[39m (error) {
    
[31m[1m>[22m[39m[90m 
27 |[39m         console[3
3m.[39merror([32m'[API] 
Playbook approve 
error:'[39m[33m,[39m 
error)[33m;[39m
     [90m    |[39m        
         
[31m[1m^[22m[39m
     [90m 28 |[39m        
 [36mreturn[39m [33mNextR
esponse[39m[33m.[39mjson(
     [90m 29 |[39m        
     { error[33m:[39m 
error [36minstanceof[39m 
[33mError[39m [33m?[39m 
error[33m.[39mmessage 
[33m:[39m [32m'Internal 
Server Error'[39m 
}[33m,[39m
     [90m 30 |[39m        
     { status[33m:[39m 
[35m500[39m }[0m

      at error (src/app/api/
playbook-runs/[runId]/approv
e/route.ts:27:17)
      at Object.<anonymous> 
(tests/api/playbook-runs/app
rove.test.ts:23:21)

    console.error
      [API] Playbook 
approve error: TypeError: 
this.text is not a function
          at 
RequestPolyfill.text 
(C:\Users\admin\BakedBot 
for Brands\bakedbot-for-bran
ds\jest.setup.js:125:33)
          at json 
(C:\Users\admin\BakedBot 
for Brands\bakedbot-for-bran
ds\src\app\api\playbook-runs
\[runId]\approve\route.ts:12
:32)
          at 
Object.<anonymous> 
(C:\Users\admin\BakedBot 
for Brands\bakedbot-for-bran
ds\tests\api\playbook-runs\a
pprove.test.ts:33:31)
          at 
Promise.then.completed 
(C:\Users\admin\BakedBot 
for Brands\bakedbot-for-bran
ds\node_modules\jest-circus\
build\utils.js:298:28)
          at new Promise 
(<anonymous>)
          at 
callAsyncCircusFn 
(C:\Users\admin\BakedBot 
for Brands\bakedbot-for-bran
ds\node_modules\jest-circus\
build\utils.js:231:10)
          at 
_callCircusTest 
(C:\Users\admin\BakedBot 
for Brands\bakedbot-for-bran
ds\node_modules\jest-circus\
build\run.js:316:40)
          at 
processTicksAndRejections (n
ode:internal/process/task_qu
eues:105:5)
          at _runTest 
(C:\Users\admin\BakedBot 
for Brands\bakedbot-for-bran
ds\node_modules\jest-circus\
build\run.js:252:3)
          at 
_runTestsForDescribeBlock 
(C:\Users\admin\BakedBot 
for Brands\bakedbot-for-bran
ds\node_modules\jest-circus\
build\run.js:126:9)
          at 
_runTestsForDescribeBlock 
(C:\Users\admin\BakedBot 
for Brands\bakedbot-for-bran
ds\node_modules\jest-circus\
build\run.js:121:9)
          at run 
(C:\Users\admin\BakedBot 
for Brands\bakedbot-for-bran
ds\node_modules\jest-circus\
build\run.js:71:3)
          at runAndTransform
ResultsToJestFormat 
(C:\Users\admin\BakedBot 
for Brands\bakedbot-for-bran
ds\node_modules\jest-circus\
build\legacy-code-todo-rewri
te\jestAdapterInit.js:122:21
)
          at jestAdapter 
(C:\Users\admin\BakedBot 
for Brands\bakedbot-for-bran
ds\node_modules\jest-circus\
build\legacy-code-todo-rewri
te\jestAdapter.js:79:19)
          at 
runTestInternal 
(C:\Users\admin\BakedBot 
for Brands\bakedbot-for-bran
ds\node_modules\jest-runner\
build\runTest.js:367:16)
          at runTest 
(C:\Users\admin\BakedBot 
for Brands\bakedbot-for-bran
ds\node_modules\jest-runner\
build\runTest.js:444:34)
          at Object.worker 
(C:\Users\admin\BakedBot 
for Brands\bakedbot-for-bran
ds\node_modules\jest-runner\
build\testWorker.js:106:12)

    [0m [90m 25 |[39m    
     [36mreturn[39m [33mN
extResponse[39m[33m.[39mj
son({ success[33m:[39m 
[36mtrue[39m[33m,[39m 
runId[33m,[39m 
approved[33m:[39m 
body[33m.[39mapproved 
})[33m;[39m
     [90m 26 |[39m     } 
[36mcatch[39m (error) {
    
[31m[1m>[22m[39m[90m 
27 |[39m         console[3
3m.[39merror([32m'[API] 
Playbook approve 
error:'[39m[33m,[39m 
error)[33m;[39m
     [90m    |[39m        
         
[31m[1m^[22m[39m
     [90m 28 |[39m        
 [36mreturn[39m [33mNextR
esponse[39m[33m.[39mjson(
     [90m 29 |[39m        
     { error[33m:[39m 
error [36minstanceof[39m 
[33mError[39m [33m?[39m 
error[33m.[39mmessage 
[33m:[39m [32m'Internal 
Server Error'[39m 
}[33m,[39m
     [90m 30 |[39m        
     { status[33m:[39m 
[35m500[39m }[0m

      at error (src/app/api/
playbook-runs/[runId]/approv
e/route.ts:27:17)
      at Object.<anonymous> 
(tests/api/playbook-runs/app
rove.test.ts:33:21)

  ΓùÅ POST /api/playbook-run
s/[runId]/approve ΓÇ║ 
should return 400 if 
approved or reviewerId 
missing

    expect(received).toBe(ex
pected) // Object.is 
equality

    Expected: 400
    Received: 500

    [0m [90m 22 |[39m
     [90m 23 |[39m        
 [36mconst[39m res 
[33m=[39m [36mawait[39m 
[33mPOST[39m(req[33m,[39
m { params[33m:[39m { 
runId[33m:[39m 
[32m'run_1'[39m } 
})[33m;[39m
    
[31m[1m>[22m[39m[90m 
24 |[39m         expect(res
[33m.[39mstatus)[33m.[39
mtoBe([35m400[39m)[33m;[
39m
     [90m    |[39m        
                    
[31m[1m^[22m[39m
     [90m 25 |[39m     
})[33m;[39m
     [90m 26 |[39m
     [90m 27 |[39m     
it([32m'should call 
coordinator.handleApproval 
with true'[39m[33m,[39m 
[36masync[39m () 
[33m=>[39m {[0m

      at Object.toBe (tests/
api/playbook-runs/approve.te
st.ts:24:28)

  ΓùÅ POST /api/playbook-run
s/[runId]/approve ΓÇ║ 
should call 
coordinator.handleApproval 
with true

    expect(received).toBe(ex
pected) // Object.is 
equality

    Expected: 200
    Received: 500

    [0m [90m 32 |[39m
     [90m 33 |[39m        
 [36mconst[39m res 
[33m=[39m [36mawait[39m 
[33mPOST[39m(req[33m,[39
m { params[33m:[39m { 
runId[33m:[39m 
[32m'run_1'[39m } 
})[33m;[39m
    
[31m[1m>[22m[39m[90m 
34 |[39m         expect(res
[33m.[39mstatus)[33m.[39
mtoBe([35m200[39m)[33m;[
39m
     [90m    |[39m        
                    
[31m[1m^[22m[39m
     [90m 35 |[39m
     [90m 36 |[39m        
 [36mconst[39m data 
[33m=[39m [36mawait[39m 
res[33m.[39mjson()[33m;[
39m
     [90m 37 |[39m        
 expect(data[33m.[39mappro
ved)[33m.[39mtoBe([36mtru
e[39m)[33m;[39m[0m

      at Object.toBe (tests/
api/playbook-runs/approve.te
st.ts:34:28)

FAIL tests/api/playbooks/com
pile.test.ts
  ΓùÅ Console

    console.error
      [API] Playbook 
compile error: TypeError: 
this.text is not a function
          at 
RequestPolyfill.text 
(C:\Users\admin\BakedBot 
for Brands\bakedbot-for-bran
ds\jest.setup.js:125:33)
          at json 
(C:\Users\admin\BakedBot 
for Brands\bakedbot-for-bran
ds\src\app\api\playbooks\com
pile\route.ts:8:32)
          at 
Object.<anonymous> 
(C:\Users\admin\BakedBot 
for Brands\bakedbot-for-bran
ds\tests\api\playbooks\compi
le.test.ts:18:31)
          at 
Promise.then.completed 
(C:\Users\admin\BakedBot 
for Brands\bakedbot-for-bran
ds\node_modules\jest-circus\
build\utils.js:298:28)
          at new Promise 
(<anonymous>)
          at 
callAsyncCircusFn 
(C:\Users\admin\BakedBot 
for Brands\bakedbot-for-bran
ds\node_modules\jest-circus\
build\utils.js:231:10)
          at 
_callCircusTest 
(C:\Users\admin\BakedBot 
for Brands\bakedbot-for-bran
ds\node_modules\jest-circus\
build\run.js:316:40)
          at 
processTicksAndRejections (n
ode:internal/process/task_qu
eues:105:5)
          at _runTest 
(C:\Users\admin\BakedBot 
for Brands\bakedbot-for-bran
ds\node_modules\jest-circus\
build\run.js:252:3)
          at 
_runTestsForDescribeBlock 
(C:\Users\admin\BakedBot 
for Brands\bakedbot-for-bran
ds\node_modules\jest-circus\
build\run.js:126:9)
          at 
_runTestsForDescribeBlock 
(C:\Users\admin\BakedBot 
for Brands\bakedbot-for-bran
ds\node_modules\jest-circus\
build\run.js:121:9)
          at run 
(C:\Users\admin\BakedBot 
for Brands\bakedbot-for-bran
ds\node_modules\jest-circus\
build\run.js:71:3)
          at runAndTransform
ResultsToJestFormat 
(C:\Users\admin\BakedBot 
for Brands\bakedbot-for-bran
ds\node_modules\jest-circus\
build\legacy-code-todo-rewri
te\jestAdapterInit.js:122:21
)
          at jestAdapter 
(C:\Users\admin\BakedBot 
for Brands\bakedbot-for-bran
ds\node_modules\jest-circus\
build\legacy-code-todo-rewri
te\jestAdapter.js:79:19)
          at 
runTestInternal 
(C:\Users\admin\BakedBot 
for Brands\bakedbot-for-bran
ds\node_modules\jest-runner\
build\runTest.js:367:16)
          at runTest 
(C:\Users\admin\BakedBot 
for Brands\bakedbot-for-bran
ds\node_modules\jest-runner\
build\runTest.js:444:34)
          at Object.worker 
(C:\Users\admin\BakedBot 
for Brands\bakedbot-for-bran
ds\node_modules\jest-runner\
build\testWorker.js:106:12)

    [0m [90m 22 |[39m    
     [36mreturn[39m [33mN
extResponse[39m[33m.[39mj
son(result)[33m;[39m
     [90m 23 |[39m     } 
[36mcatch[39m (error) {
    
[31m[1m>[22m[39m[90m 
24 |[39m         console[3
3m.[39merror([32m'[API] 
Playbook compile 
error:'[39m[33m,[39m 
error)[33m;[39m
     [90m    |[39m        
         
[31m[1m^[22m[39m
     [90m 25 |[39m        
 [36mreturn[39m [33mNextR
esponse[39m[33m.[39mjson(
     [90m 26 |[39m        
     { error[33m:[39m 
error [36minstanceof[39m 
[33mError[39m [33m?[39m 
error[33m.[39mmessage 
[33m:[39m [32m'Internal 
Server Error'[39m 
}[33m,[39m
     [90m 27 |[39m        
     { status[33m:[39m 
[35m500[39m }[0m

      at error (src/app/api/
playbooks/compile/route.ts:2
4:17)
      at Object.<anonymous> 
(tests/api/playbooks/compile
.test.ts:18:21)

    console.error
      [API] Playbook 
compile error: TypeError: 
this.text is not a function
          at 
RequestPolyfill.text 
(C:\Users\admin\BakedBot 
for Brands\bakedbot-for-bran
ds\jest.setup.js:125:33)
          at json 
(C:\Users\admin\BakedBot 
for Brands\bakedbot-for-bran
ds\src\app\api\playbooks\com
pile\route.ts:8:32)
          at 
Object.<anonymous> 
(C:\Users\admin\BakedBot 
for Brands\bakedbot-for-bran
ds\tests\api\playbooks\compi
le.test.ts:38:31)
          at 
Promise.then.completed 
(C:\Users\admin\BakedBot 
for Brands\bakedbot-for-bran
ds\node_modules\jest-circus\
build\utils.js:298:28)
          at new Promise 
(<anonymous>)
          at 
callAsyncCircusFn 
(C:\Users\admin\BakedBot 
for Brands\bakedbot-for-bran
ds\node_modules\jest-circus\
build\utils.js:231:10)
          at 
_callCircusTest 
(C:\Users\admin\BakedBot 
for Brands\bakedbot-for-bran
ds\node_modules\jest-circus\
build\run.js:316:40)
          at 
processTicksAndRejections (n
ode:internal/process/task_qu
eues:105:5)
          at _runTest 
(C:\Users\admin\BakedBot 
for Brands\bakedbot-for-bran
ds\node_modules\jest-circus\
build\run.js:252:3)
          at 
_runTestsForDescribeBlock 
(C:\Users\admin\BakedBot 
for Brands\bakedbot-for-bran
ds\node_modules\jest-circus\
build\run.js:126:9)
          at 
_runTestsForDescribeBlock 
(C:\Users\admin\BakedBot 
for Brands\bakedbot-for-bran
ds\node_modules\jest-circus\
build\run.js:121:9)
          at run 
(C:\Users\admin\BakedBot 
for Brands\bakedbot-for-bran
ds\node_modules\jest-circus\
build\run.js:71:3)
          at runAndTransform
ResultsToJestFormat 
(C:\Users\admin\BakedBot 
for Brands\bakedbot-for-bran
ds\node_modules\jest-circus\
build\legacy-code-todo-rewri
te\jestAdapterInit.js:122:21
)
          at jestAdapter 
(C:\Users\admin\BakedBot 
for Brands\bakedbot-for-bran
ds\node_modules\jest-circus\
build\legacy-code-todo-rewri
te\jestAdapter.js:79:19)
          at 
runTestInternal 
(C:\Users\admin\BakedBot 
for Brands\bakedbot-for-bran
ds\node_modules\jest-runner\
build\runTest.js:367:16)
          at runTest 
(C:\Users\admin\BakedBot 
for Brands\bakedbot-for-bran
ds\node_modules\jest-runner\
build\runTest.js:444:34)
          at Object.worker 
(C:\Users\admin\BakedBot 
for Brands\bakedbot-for-bran
ds\node_modules\jest-runner\
build\testWorker.js:106:12)

    [0m [90m 22 |[39m    
     [36mreturn[39m [33mN
extResponse[39m[33m.[39mj
son(result)[33m;[39m
     [90m 23 |[39m     } 
[36mcatch[39m (error) {
    
[31m[1m>[22m[39m[90m 
24 |[39m         console[3
3m.[39merror([32m'[API] 
Playbook compile 
error:'[39m[33m,[39m 
error)[33m;[39m
     [90m    |[39m        
         
[31m[1m^[22m[39m
     [90m 25 |[39m        
 [36mreturn[39m [33mNextR
esponse[39m[33m.[39mjson(
     [90m 26 |[39m        
     { error[33m:[39m 
error [36minstanceof[39m 
[33mError[39m [33m?[39m 
error[33m.[39mmessage 
[33m:[39m [32m'Internal 
Server Error'[39m 
}[33m,[39m
     [90m 27 |[39m        
     { status[33m:[39m 
[35m500[39m }[0m

      at error (src/app/api/
playbooks/compile/route.ts:2
4:17)
      at Object.<anonymous> 
(tests/api/playbooks/compile
.test.ts:38:21)

  ΓùÅ POST 
/api/playbooks/compile ΓÇ║ 
should return 400 if 
required fields are missing

    expect(received).toBe(ex
pected) // Object.is 
equality

    Expected: 400
    Received: 500

    [0m [90m 17 |[39m
     [90m 18 |[39m        
 [36mconst[39m res 
[33m=[39m [36mawait[39m 
[33mPOST[39m(req)[33m;[3
9m
    
[31m[1m>[22m[39m[90m 
19 |[39m         expect(res
[33m.[39mstatus)[33m.[39
mtoBe([35m400[39m)[33m;[
39m
     [90m    |[39m        
                    
[31m[1m^[22m[39m
     [90m 20 |[39m
     [90m 21 |[39m        
 [36mconst[39m data 
[33m=[39m [36mawait[39m 
res[33m.[39mjson()[33m;[
39m
     [90m 22 |[39m        
 expect(data[33m.[39merror
)[33m.[39mtoBe([32m'Missi
ng required 
fields'[39m)[33m;[39m[0m

      at Object.toBe (tests/
api/playbooks/compile.test.t
s:19:28)

  ΓùÅ POST 
/api/playbooks/compile ΓÇ║ 
should call compiler and 
return result on success

    expect(received).toBe(ex
pected) // Object.is 
equality

    Expected: 200
    Received: 500

    [0m [90m 37 |[39m
     [90m 38 |[39m        
 [36mconst[39m res 
[33m=[39m [36mawait[39m 
[33mPOST[39m(req)[33m;[3
9m
    
[31m[1m>[22m[39m[90m 
39 |[39m         expect(res
[33m.[39mstatus)[33m.[39
mtoBe([35m200[39m)[33m;[
39m
     [90m    |[39m        
                    
[31m[1m^[22m[39m
     [90m 40 |[39m
     [90m 41 |[39m        
 [36mconst[39m data 
[33m=[39m [36mawait[39m 
res[33m.[39mjson()[33m;[
39m
     [90m 42 |[39m        
 expect(data)[33m.[39mtoEq
ual(mockCompileResult)[33m;
[39m[0m

      at Object.toBe (tests/
api/playbooks/compile.test.t
s:39:28)

PASS tests/server/services/p
laybook-stages/generate-outp
ut.test.ts
  ΓùÅ Console

    console.log
      [INFO] 
2026-03-12T22:49:46.193Z 
[Stage: generating_output] 
Run run_1

      at log 
(src/lib/logger.ts:108:25)

    console.log
      [INFO] 
2026-03-12T22:49:46.220Z 
[Stage: generating_output] 
Run run_1

      at log 
(src/lib/logger.ts:108:25)

PASS tests/server/services/p
laybook-stages/extract-quest
ions.test.ts
  ΓùÅ Console

    console.log
      [INFO] 
2026-03-12T22:49:46.361Z 
[Stage: 
extracting_questions] Run 
run_1

      at log 
(src/lib/logger.ts:108:25)

    console.log
      [INFO] 
2026-03-12T22:49:46.386Z 
[Stage: 
extracting_questions] Run 
run_1

      at log 
(src/lib/logger.ts:108:25)

PASS tests/server/services/p
laybook-telemetry.test.ts
PASS tests/server/services/p
laybook-stages/validate.test
.ts
  ΓùÅ Console

    console.log
      [INFO] 
2026-03-12T22:49:47.521Z 
[Stage: validating] Run 
run_1

      at log 
(src/lib/logger.ts:108:25)

PASS tests/api/playbook-runs
/get-run.test.ts
PASS tests/api/playbooks/act
ivate.test.ts
PASS tests/server/services/p
laybook-stages/deliver.test.
ts
  ΓùÅ Console

    console.log
      [INFO] 
2026-03-12T22:49:49.658Z 
[Stage: delivering] Run 
run_1

      at log 
(src/lib/logger.ts:108:25)

    console.log
      [INFO] 
2026-03-12T22:49:49.662Z 
[Deliver] Sending payload 
to email:test@bakedbot.ai

      at log 
(src/lib/logger.ts:108:25)

    console.log
      [INFO] 
2026-03-12T22:49:49.663Z 
[Deliver] Sending payload 
to slack:#marketing

      at log 
(src/lib/logger.ts:108:25)

FAIL tests/server/services/p
laybook-stages/assemble-cont
ext.test.ts
  ΓùÅ Test suite failed to 
run

    ReferenceError: Cannot 
access 
'mockGetArtifactContent' 
before initialization

    [0m [90m  9 |[39m    
         
artifact[33m:[39m { 
id[33m:[39m 
[32m'art_123'[39m }
     [90m 10 |[39m        
 })[33m,[39m
    
[31m[1m>[22m[39m[90m 
11 |[39m         getArtifac
tContent[33m:[39m 
mockGetArtifactContent
     [90m    |[39m        
                     
[31m[1m^[22m[39m
     [90m 12 |[39m     }))
     [90m 13 |[39m 
}))[33m;[39m
     [90m 14 |[39m[0m

      at mockConstructor.moc
kGetArtifactContent (tests/s
erver/services/playbook-stag
es/assemble-context.test.ts:
11:29)
      at Object.<anonymous> 
(src/server/services/playboo
k-stages/assemble-context.ts
:8:25)
      at Object.<anonymous> 
(tests/server/services/playb
ook-stages/assemble-context.
test.ts:15:26)

Test Suites: 6 failed, 7 
passed, 13 total
Tests:       10 failed, 12 
passed, 22 total
Snapshots:   0 total
Time:        30.135 s, 
estimated 33 s
Ran all test suites 
matching /tests\\server\\ser
vices\\playbook-stages|tests
\\api\\playbooks|tests\\api\
\playbook-runs|tests\\server
\\services\\playbook-telemet
ry.test.ts/i.
