
> nextn@0.1.0 test
> jest tests/app/dashboard/settings/components/billing-form.test.tsx

  console.error
    Error: Uncaught [ReferenceError: useToast is not defined]
        at Object.<anonymous> (C:\Users\marte\Baked for Brands\bakedbot-for-brands\tests\app\dashboard\settings\components\billing-form.test.tsx:62:11)
        at new Promise (<anonymous>) {
      detail: ReferenceError: useToast is not defined
          at useToast (C:\Users\marte\Baked for Brands\bakedbot-for-brands\src\app\dashboard\settings\components\billing-form.tsx:19:21)
          at renderWithHooks (C:\Users\marte\Baked for Brands\bakedbot-for-brands\node_modules\react-dom\cjs\react-dom.development.js:15486:18)
          at mountIndeterminateComponent (C:\Users\marte\Baked for Brands\bakedbot-for-brands\node_modules\react-dom\cjs\react-dom.development.js:20103:13)
          at beginWork (C:\Users\marte\Baked for Brands\bakedbot-for-brands\node_modules\react-dom\cjs\react-dom.development.js:21626:16)
          at HTMLUnknownElement.callCallback (C:\Users\marte\Baked for Brands\bakedbot-for-brands\node_modules\react-dom\cjs\react-dom.development.js:4164:14)
          at HTMLUnknownElement.callTheUserObjectsOperation (C:\Users\marte\Baked for Brands\bakedbot-for-brands\node_modules\jsdom\lib\jsdom\living\generated\EventListener.js:26:30)
          at innerInvokeEventListeners (C:\Users\marte\Baked for Brands\bakedbot-for-brands\node_modules\jsdom\lib\jsdom\living\events\EventTarget-impl.js:350:25)
          at invokeEventListeners (C:\Users\marte\Baked for Brands\bakedbot-for-brands\node_modules\jsdom\lib\jsdom\living\events\EventTarget-impl.js:286:3)
          at HTMLUnknownElementImpl._dispatch (C:\Users\marte\Baked for Brands\bakedbot-for-brands\node_modules\jsdom\lib\jsdom\living\events\EventTarget-impl.js:233:9)
          at HTMLUnknownElementImpl.dispatchEvent (C:\Users\marte\Baked for Brands\bakedbot-for-brands\node_modules\jsdom\lib\jsdom\living\events\EventTarget-impl.js:104:17)
          at HTMLUnknownElement.dispatchEvent (C:\Users\marte\Baked for Brands\bakedbot-for-brands\node_modules\jsdom\lib\jsdom\living\generated\EventTarget.js:241:34)
          at Object.invokeGuardedCallbackDev (C:\Users\marte\Baked for Brands\bakedbot-for-brands\node_modules\react-dom\cjs\react-dom.development.js:4213:16)
          at invokeGuardedCallback (C:\Users\marte\Baked for Brands\bakedbot-for-brands\node_modules\react-dom\cjs\react-dom.development.js:4277:31)
          at beginWork$1 (C:\Users\marte\Baked for Brands\bakedbot-for-brands\node_modules\react-dom\cjs\react-dom.development.js:27490:7)
          at performUnitOfWork (C:\Users\marte\Baked for Brands\bakedbot-for-brands\node_modules\react-dom\cjs\react-dom.development.js:26599:12)
          at workLoopSync (C:\Users\marte\Baked for Brands\bakedbot-for-brands\node_modules\react-dom\cjs\react-dom.development.js:26505:5)
          at renderRootSync (C:\Users\marte\Baked for Brands\bakedbot-for-brands\node_modules\react-dom\cjs\react-dom.development.js:26473:7)
          at performConcurrentWorkOnRoot (C:\Users\marte\Baked for Brands\bakedbot-for-brands\node_modules\react-dom\cjs\react-dom.development.js:25777:74)
          at flushActQueue (C:\Users\marte\Baked for Brands\bakedbot-for-brands\node_modules\react\cjs\react.development.js:2667:24)
          at act (C:\Users\marte\Baked for Brands\bakedbot-for-brands\node_modules\react\cjs\react.development.js:2582:11)
          at C:\Users\marte\Baked for Brands\bakedbot-for-brands\node_modules\@testing-library\react\dist\act-compat.js:47:25
          at renderRoot (C:\Users\marte\Baked for Brands\bakedbot-for-brands\node_modules\@testing-library\react\dist\pure.js:190:26)
          at render (C:\Users\marte\Baked for Brands\bakedbot-for-brands\node_modules\@testing-library\react\dist\pure.js:292:10)
          at Object.<anonymous> (C:\Users\marte\Baked for Brands\bakedbot-for-brands\tests\app\dashboard\settings\components\billing-form.test.tsx:62:11)
          at Promise.then.completed (C:\Users\marte\Baked for Brands\bakedbot-for-brands\node_modules\jest-circus\build\utils.js:298:28)
          at new Promise (<anonymous>)
          at callAsyncCircusFn (C:\Users\marte\Baked for Brands\bakedbot-for-brands\node_modules\jest-circus\build\utils.js:231:10)
          at _callCircusTest (C:\Users\marte\Baked for Brands\bakedbot-for-brands\node_modules\jest-circus\build\run.js:316:40)
          at processTicksAndRejections (node:internal/process/task_queues:103:5)
          at _runTest (C:\Users\marte\Baked for Brands\bakedbot-for-brands\node_modules\jest-circus\build\run.js:252:3)
          at _runTestsForDescribeBlock (C:\Users\marte\Baked for Brands\bakedbot-for-brands\node_modules\jest-circus\build\run.js:126:9)
          at _runTestsForDescribeBlock (C:\Users\marte\Baked for Brands\bakedbot-for-brands\node_modules\jest-circus\build\run.js:121:9)
          at run (C:\Users\marte\Baked for Brands\bakedbot-for-brands\node_modules\jest-circus\build\run.js:71:3)
          at runAndTransformResultsToJestFormat (C:\Users\marte\Baked for Brands\bakedbot-for-brands\node_modules\jest-circus\build\legacy-code-todo-rewrite\jestAdapterInit.js:122:21)
          at jestAdapter (C:\Users\marte\Baked for Brands\bakedbot-for-brands\node_modules\jest-circus\build\legacy-code-todo-rewrite\jestAdapter.js:79:19)
          at runTestInternal (C:\Users\marte\Baked for Brands\bakedbot-for-brands\node_modules\jest-runner\build\runTest.js:367:16)
          at runTest (C:\Users\marte\Baked for Brands\bakedbot-for-brands\node_modules\jest-runner\build\runTest.js:444:34),
      type: 'unhandled exception'
    }

    [0m [90m 60 |[39m     })[33m;[39m
     [90m 61 |[39m
    [31m[1m>[22m[39m[90m 62 |[39m     render([33m<[39m[33mBillingForm[39m organizationId[33m=[39m[32m"org1"[39m locationCount[33m=[39m{[35m1[39m} [33m/[39m[33m>[39m)[33m;[39m
     [90m    |[39m           [31m[1m^[22m[39m
     [90m 63 |[39m     
     [90m 64 |[39m     [90m// Select a paid plan (default is usually paid/claim_pro)[39m
     [90m 65 |[39m     [0m

      at VirtualConsole.<anonymous> (node_modules/jest-environment-jsdom/build/index.js:63:23)
      at reportException (node_modules/jsdom/lib/jsdom/living/helpers/runtime-script-errors.js:70:28)
      at innerInvokeEventListeners (node_modules/jsdom/lib/jsdom/living/events/EventTarget-impl.js:353:9)
      at invokeEventListeners (node_modules/jsdom/lib/jsdom/living/events/EventTarget-impl.js:286:3)
      at HTMLUnknownElementImpl._dispatch (node_modules/jsdom/lib/jsdom/living/events/EventTarget-impl.js:233:9)
      at HTMLUnknownElementImpl.dispatchEvent (node_modules/jsdom/lib/jsdom/living/events/EventTarget-impl.js:104:17)
      at HTMLUnknownElement.dispatchEvent (node_modules/jsdom/lib/jsdom/living/generated/EventTarget.js:241:34)
      at Object.invokeGuardedCallbackDev (node_modules/react-dom/cjs/react-dom.development.js:4213:16)
      at invokeGuardedCallback (node_modules/react-dom/cjs/react-dom.development.js:4277:31)
      at beginWork$1 (node_modules/react-dom/cjs/react-dom.development.js:27490:7)
      at performUnitOfWork (node_modules/react-dom/cjs/react-dom.development.js:26599:12)
      at workLoopSync (node_modules/react-dom/cjs/react-dom.development.js:26505:5)
      at renderRootSync (node_modules/react-dom/cjs/react-dom.development.js:26473:7)
      at performConcurrentWorkOnRoot (node_modules/react-dom/cjs/react-dom.development.js:25777:74)
      at flushActQueue (node_modules/react/cjs/react.development.js:2667:24)
      at act (node_modules/react/cjs/react.development.js:2582:11)
      at node_modules/@testing-library/react/dist/act-compat.js:47:25
      at renderRoot (node_modules/@testing-library/react/dist/pure.js:190:26)
      at render (node_modules/@testing-library/react/dist/pure.js:292:10)
      at Object.<anonymous> (tests/app/dashboard/settings/components/billing-form.test.tsx:62:11)

  console.error
    Error: Uncaught [ReferenceError: useToast is not defined]
        at Object.<anonymous> (C:\Users\marte\Baked for Brands\bakedbot-for-brands\tests\app\dashboard\settings\components\billing-form.test.tsx:62:11)
        at new Promise (<anonymous>) {
      detail: ReferenceError: useToast is not defined
          at useToast (C:\Users\marte\Baked for Brands\bakedbot-for-brands\src\app\dashboard\settings\components\billing-form.tsx:19:21)
          at renderWithHooks (C:\Users\marte\Baked for Brands\bakedbot-for-brands\node_modules\react-dom\cjs\react-dom.development.js:15486:18)
          at mountIndeterminateComponent (C:\Users\marte\Baked for Brands\bakedbot-for-brands\node_modules\react-dom\cjs\react-dom.development.js:20103:13)
          at beginWork (C:\Users\marte\Baked for Brands\bakedbot-for-brands\node_modules\react-dom\cjs\react-dom.development.js:21626:16)
          at HTMLUnknownElement.callCallback (C:\Users\marte\Baked for Brands\bakedbot-for-brands\node_modules\react-dom\cjs\react-dom.development.js:4164:14)
          at HTMLUnknownElement.callTheUserObjectsOperation (C:\Users\marte\Baked for Brands\bakedbot-for-brands\node_modules\jsdom\lib\jsdom\living\generated\EventListener.js:26:30)
          at innerInvokeEventListeners (C:\Users\marte\Baked for Brands\bakedbot-for-brands\node_modules\jsdom\lib\jsdom\living\events\EventTarget-impl.js:350:25)
          at invokeEventListeners (C:\Users\marte\Baked for Brands\bakedbot-for-brands\node_modules\jsdom\lib\jsdom\living\events\EventTarget-impl.js:286:3)
          at HTMLUnknownElementImpl._dispatch (C:\Users\marte\Baked for Brands\bakedbot-for-brands\node_modules\jsdom\lib\jsdom\living\events\EventTarget-impl.js:233:9)
          at HTMLUnknownElementImpl.dispatchEvent (C:\Users\marte\Baked for Brands\bakedbot-for-brands\node_modules\jsdom\lib\jsdom\living\events\EventTarget-impl.js:104:17)
          at HTMLUnknownElement.dispatchEvent (C:\Users\marte\Baked for Brands\bakedbot-for-brands\node_modules\jsdom\lib\jsdom\living\generated\EventTarget.js:241:34)
          at Object.invokeGuardedCallbackDev (C:\Users\marte\Baked for Brands\bakedbot-for-brands\node_modules\react-dom\cjs\react-dom.development.js:4213:16)
          at invokeGuardedCallback (C:\Users\marte\Baked for Brands\bakedbot-for-brands\node_modules\react-dom\cjs\react-dom.development.js:4277:31)
          at beginWork$1 (C:\Users\marte\Baked for Brands\bakedbot-for-brands\node_modules\react-dom\cjs\react-dom.development.js:27490:7)
          at performUnitOfWork (C:\Users\marte\Baked for Brands\bakedbot-for-brands\node_modules\react-dom\cjs\react-dom.development.js:26599:12)
          at workLoopSync (C:\Users\marte\Baked for Brands\bakedbot-for-brands\node_modules\react-dom\cjs\react-dom.development.js:26505:5)
          at renderRootSync (C:\Users\marte\Baked for Brands\bakedbot-for-brands\node_modules\react-dom\cjs\react-dom.development.js:26473:7)
          at recoverFromConcurrentError (C:\Users\marte\Baked for Brands\bakedbot-for-brands\node_modules\react-dom\cjs\react-dom.development.js:25889:20)
          at performConcurrentWorkOnRoot (C:\Users\marte\Baked for Brands\bakedbot-for-brands\node_modules\react-dom\cjs\react-dom.development.js:25789:22)
          at flushActQueue (C:\Users\marte\Baked for Brands\bakedbot-for-brands\node_modules\react\cjs\react.development.js:2667:24)
          at act (C:\Users\marte\Baked for Brands\bakedbot-for-brands\node_modules\react\cjs\react.development.js:2582:11)
          at C:\Users\marte\Baked for Brands\bakedbot-for-brands\node_modules\@testing-library\react\dist\act-compat.js:47:25
          at renderRoot (C:\Users\marte\Baked for Brands\bakedbot-for-brands\node_modules\@testing-library\react\dist\pure.js:190:26)
          at render (C:\Users\marte\Baked for Brands\bakedbot-for-brands\node_modules\@testing-library\react\dist\pure.js:292:10)
          at Object.<anonymous> (C:\Users\marte\Baked for Brands\bakedbot-for-brands\tests\app\dashboard\settings\components\billing-form.test.tsx:62:11)
          at Promise.then.completed (C:\Users\marte\Baked for Brands\bakedbot-for-brands\node_modules\jest-circus\build\utils.js:298:28)
          at new Promise (<anonymous>)
          at callAsyncCircusFn (C:\Users\marte\Baked for Brands\bakedbot-for-brands\node_modules\jest-circus\build\utils.js:231:10)
          at _callCircusTest (C:\Users\marte\Baked for Brands\bakedbot-for-brands\node_modules\jest-circus\build\run.js:316:40)
          at processTicksAndRejections (node:internal/process/task_queues:103:5)
          at _runTest (C:\Users\marte\Baked for Brands\bakedbot-for-brands\node_modules\jest-circus\build\run.js:252:3)
          at _runTestsForDescribeBlock (C:\Users\marte\Baked for Brands\bakedbot-for-brands\node_modules\jest-circus\build\run.js:126:9)
          at _runTestsForDescribeBlock (C:\Users\marte\Baked for Brands\bakedbot-for-brands\node_modules\jest-circus\build\run.js:121:9)
          at run (C:\Users\marte\Baked for Brands\bakedbot-for-brands\node_modules\jest-circus\build\run.js:71:3)
          at runAndTransformResultsToJestFormat (C:\Users\marte\Baked for Brands\bakedbot-for-brands\node_modules\jest-circus\build\legacy-code-todo-rewrite\jestAdapterInit.js:122:21)
          at jestAdapter (C:\Users\marte\Baked for Brands\bakedbot-for-brands\node_modules\jest-circus\build\legacy-code-todo-rewrite\jestAdapter.js:79:19)
          at runTestInternal (C:\Users\marte\Baked for Brands\bakedbot-for-brands\node_modules\jest-runner\build\runTest.js:367:16)
          at runTest (C:\Users\marte\Baked for Brands\bakedbot-for-brands\node_modules\jest-runner\build\runTest.js:444:34),
      type: 'unhandled exception'
    }

    [0m [90m 60 |[39m     })[33m;[39m
     [90m 61 |[39m
    [31m[1m>[22m[39m[90m 62 |[39m     render([33m<[39m[33mBillingForm[39m organizationId[33m=[39m[32m"org1"[39m locationCount[33m=[39m{[35m1[39m} [33m/[39m[33m>[39m)[33m;[39m
     [90m    |[39m           [31m[1m^[22m[39m
     [90m 63 |[39m     
     [90m 64 |[39m     [90m// Select a paid plan (default is usually paid/claim_pro)[39m
     [90m 65 |[39m     [0m

      at VirtualConsole.<anonymous> (node_modules/jest-environment-jsdom/build/index.js:63:23)
      at reportException (node_modules/jsdom/lib/jsdom/living/helpers/runtime-script-errors.js:70:28)
      at innerInvokeEventListeners (node_modules/jsdom/lib/jsdom/living/events/EventTarget-impl.js:353:9)
      at invokeEventListeners (node_modules/jsdom/lib/jsdom/living/events/EventTarget-impl.js:286:3)
      at HTMLUnknownElementImpl._dispatch (node_modules/jsdom/lib/jsdom/living/events/EventTarget-impl.js:233:9)
      at HTMLUnknownElementImpl.dispatchEvent (node_modules/jsdom/lib/jsdom/living/events/EventTarget-impl.js:104:17)
      at HTMLUnknownElement.dispatchEvent (node_modules/jsdom/lib/jsdom/living/generated/EventTarget.js:241:34)
      at Object.invokeGuardedCallbackDev (node_modules/react-dom/cjs/react-dom.development.js:4213:16)
      at invokeGuardedCallback (node_modules/react-dom/cjs/react-dom.development.js:4277:31)
      at beginWork$1 (node_modules/react-dom/cjs/react-dom.development.js:27490:7)
      at performUnitOfWork (node_modules/react-dom/cjs/react-dom.development.js:26599:12)
      at workLoopSync (node_modules/react-dom/cjs/react-dom.development.js:26505:5)
      at renderRootSync (node_modules/react-dom/cjs/react-dom.development.js:26473:7)
      at recoverFromConcurrentError (node_modules/react-dom/cjs/react-dom.development.js:25889:20)
      at performConcurrentWorkOnRoot (node_modules/react-dom/cjs/react-dom.development.js:25789:22)
      at flushActQueue (node_modules/react/cjs/react.development.js:2667:24)
      at act (node_modules/react/cjs/react.development.js:2582:11)
      at node_modules/@testing-library/react/dist/act-compat.js:47:25
      at renderRoot (node_modules/@testing-library/react/dist/pure.js:190:26)
      at render (node_modules/@testing-library/react/dist/pure.js:292:10)
      at Object.<anonymous> (tests/app/dashboard/settings/components/billing-form.test.tsx:62:11)

  console.error
    The above error occurred in the <BillingForm> component:
    
        at organizationId (C:\Users\marte\Baked for Brands\bakedbot-for-brands\src\app\dashboard\settings\components\billing-form.tsx:18:11)
    
    Consider adding an error boundary to your tree to customize error handling behavior.
    Visit https://reactjs.org/link/error-boundaries to learn more about error boundaries.

    [0m [90m 60 |[39m     })[33m;[39m
     [90m 61 |[39m
    [31m[1m>[22m[39m[90m 62 |[39m     render([33m<[39m[33mBillingForm[39m organizationId[33m=[39m[32m"org1"[39m locationCount[33m=[39m{[35m1[39m} [33m/[39m[33m>[39m)[33m;[39m
     [90m    |[39m           [31m[1m^[22m[39m
     [90m 63 |[39m     
     [90m 64 |[39m     [90m// Select a paid plan (default is usually paid/claim_pro)[39m
     [90m 65 |[39m     [0m

      at logCapturedError (node_modules/react-dom/cjs/react-dom.development.js:18704:23)
      at update.callback (node_modules/react-dom/cjs/react-dom.development.js:18737:5)
      at callCallback (node_modules/react-dom/cjs/react-dom.development.js:15036:12)
      at commitUpdateQueue (node_modules/react-dom/cjs/react-dom.development.js:15057:9)
      at commitLayoutEffectOnFiber (node_modules/react-dom/cjs/react-dom.development.js:23430:13)
      at commitLayoutMountEffects_complete (node_modules/react-dom/cjs/react-dom.development.js:24727:9)
      at commitLayoutEffects_begin (node_modules/react-dom/cjs/react-dom.development.js:24713:7)
      at commitLayoutEffects (node_modules/react-dom/cjs/react-dom.development.js:24651:3)
      at commitRootImpl (node_modules/react-dom/cjs/react-dom.development.js:26862:5)
      at commitRoot (node_modules/react-dom/cjs/react-dom.development.js:26721:5)
      at finishConcurrentRender (node_modules/react-dom/cjs/react-dom.development.js:25931:9)
      at performConcurrentWorkOnRoot (node_modules/react-dom/cjs/react-dom.development.js:25848:7)
      at flushActQueue (node_modules/react/cjs/react.development.js:2667:24)
      at act (node_modules/react/cjs/react.development.js:2582:11)
      at node_modules/@testing-library/react/dist/act-compat.js:47:25
      at renderRoot (node_modules/@testing-library/react/dist/pure.js:190:26)
      at render (node_modules/@testing-library/react/dist/pure.js:292:10)
      at Object.<anonymous> (tests/app/dashboard/settings/components/billing-form.test.tsx:62:11)

  console.error
    Error: Uncaught [ReferenceError: useToast is not defined]
        at Object.<anonymous> (C:\Users\marte\Baked for Brands\bakedbot-for-brands\tests\app\dashboard\settings\components\billing-form.test.tsx:78:11)
        at new Promise (<anonymous>) {
      detail: ReferenceError: useToast is not defined
          at useToast (C:\Users\marte\Baked for Brands\bakedbot-for-brands\src\app\dashboard\settings\components\billing-form.tsx:19:21)
          at renderWithHooks (C:\Users\marte\Baked for Brands\bakedbot-for-brands\node_modules\react-dom\cjs\react-dom.development.js:15486:18)
          at mountIndeterminateComponent (C:\Users\marte\Baked for Brands\bakedbot-for-brands\node_modules\react-dom\cjs\react-dom.development.js:20103:13)
          at beginWork (C:\Users\marte\Baked for Brands\bakedbot-for-brands\node_modules\react-dom\cjs\react-dom.development.js:21626:16)
          at HTMLUnknownElement.callCallback (C:\Users\marte\Baked for Brands\bakedbot-for-brands\node_modules\react-dom\cjs\react-dom.development.js:4164:14)
          at HTMLUnknownElement.callTheUserObjectsOperation (C:\Users\marte\Baked for Brands\bakedbot-for-brands\node_modules\jsdom\lib\jsdom\living\generated\EventListener.js:26:30)
          at innerInvokeEventListeners (C:\Users\marte\Baked for Brands\bakedbot-for-brands\node_modules\jsdom\lib\jsdom\living\events\EventTarget-impl.js:350:25)
          at invokeEventListeners (C:\Users\marte\Baked for Brands\bakedbot-for-brands\node_modules\jsdom\lib\jsdom\living\events\EventTarget-impl.js:286:3)
          at HTMLUnknownElementImpl._dispatch (C:\Users\marte\Baked for Brands\bakedbot-for-brands\node_modules\jsdom\lib\jsdom\living\events\EventTarget-impl.js:233:9)
          at HTMLUnknownElementImpl.dispatchEvent (C:\Users\marte\Baked for Brands\bakedbot-for-brands\node_modules\jsdom\lib\jsdom\living\events\EventTarget-impl.js:104:17)
          at HTMLUnknownElement.dispatchEvent (C:\Users\marte\Baked for Brands\bakedbot-for-brands\node_modules\jsdom\lib\jsdom\living\generated\EventTarget.js:241:34)
          at Object.invokeGuardedCallbackDev (C:\Users\marte\Baked for Brands\bakedbot-for-brands\node_modules\react-dom\cjs\react-dom.development.js:4213:16)
          at invokeGuardedCallback (C:\Users\marte\Baked for Brands\bakedbot-for-brands\node_modules\react-dom\cjs\react-dom.development.js:4277:31)
          at beginWork$1 (C:\Users\marte\Baked for Brands\bakedbot-for-brands\node_modules\react-dom\cjs\react-dom.development.js:27490:7)
          at performUnitOfWork (C:\Users\marte\Baked for Brands\bakedbot-for-brands\node_modules\react-dom\cjs\react-dom.development.js:26599:12)
          at workLoopSync (C:\Users\marte\Baked for Brands\bakedbot-for-brands\node_modules\react-dom\cjs\react-dom.development.js:26505:5)
          at renderRootSync (C:\Users\marte\Baked for Brands\bakedbot-for-brands\node_modules\react-dom\cjs\react-dom.development.js:26473:7)
          at performConcurrentWorkOnRoot (C:\Users\marte\Baked for Brands\bakedbot-for-brands\node_modules\react-dom\cjs\react-dom.development.js:25777:74)
          at flushActQueue (C:\Users\marte\Baked for Brands\bakedbot-for-brands\node_modules\react\cjs\react.development.js:2667:24)
          at act (C:\Users\marte\Baked for Brands\bakedbot-for-brands\node_modules\react\cjs\react.development.js:2582:11)
          at C:\Users\marte\Baked for Brands\bakedbot-for-brands\node_modules\@testing-library\react\dist\act-compat.js:47:25
          at renderRoot (C:\Users\marte\Baked for Brands\bakedbot-for-brands\node_modules\@testing-library\react\dist\pure.js:190:26)
          at render (C:\Users\marte\Baked for Brands\bakedbot-for-brands\node_modules\@testing-library\react\dist\pure.js:292:10)
          at Object.<anonymous> (C:\Users\marte\Baked for Brands\bakedbot-for-brands\tests\app\dashboard\settings\components\billing-form.test.tsx:78:11)
          at Promise.then.completed (C:\Users\marte\Baked for Brands\bakedbot-for-brands\node_modules\jest-circus\build\utils.js:298:28)
          at new Promise (<anonymous>)
          at callAsyncCircusFn (C:\Users\marte\Baked for Brands\bakedbot-for-brands\node_modules\jest-circus\build\utils.js:231:10)
          at _callCircusTest (C:\Users\marte\Baked for Brands\bakedbot-for-brands\node_modules\jest-circus\build\run.js:316:40)
          at processTicksAndRejections (node:internal/process/task_queues:103:5)
          at _runTest (C:\Users\marte\Baked for Brands\bakedbot-for-brands\node_modules\jest-circus\build\run.js:252:3)
          at _runTestsForDescribeBlock (C:\Users\marte\Baked for Brands\bakedbot-for-brands\node_modules\jest-circus\build\run.js:126:9)
          at _runTestsForDescribeBlock (C:\Users\marte\Baked for Brands\bakedbot-for-brands\node_modules\jest-circus\build\run.js:121:9)
          at run (C:\Users\marte\Baked for Brands\bakedbot-for-brands\node_modules\jest-circus\build\run.js:71:3)
          at runAndTransformResultsToJestFormat (C:\Users\marte\Baked for Brands\bakedbot-for-brands\node_modules\jest-circus\build\legacy-code-todo-rewrite\jestAdapterInit.js:122:21)
          at jestAdapter (C:\Users\marte\Baked for Brands\bakedbot-for-brands\node_modules\jest-circus\build\legacy-code-todo-rewrite\jestAdapter.js:79:19)
          at runTestInternal (C:\Users\marte\Baked for Brands\bakedbot-for-brands\node_modules\jest-runner\build\runTest.js:367:16)
          at runTest (C:\Users\marte\Baked for Brands\bakedbot-for-brands\node_modules\jest-runner\build\runTest.js:444:34),
      type: 'unhandled exception'
    }

    [0m [90m 76 |[39m     mockTokenizeCard[33m.[39mmockResolvedValue({ dataDescriptor[33m:[39m [32m'desc'[39m[33m,[39m dataValue[33m:[39m [32m'val'[39m })[33m;[39m
     [90m 77 |[39m
    [31m[1m>[22m[39m[90m 78 |[39m     render([33m<[39m[33mBillingForm[39m organizationId[33m=[39m[32m"org1"[39m locationCount[33m=[39m{[35m1[39m} [33m/[39m[33m>[39m)[33m;[39m
     [90m    |[39m           [31m[1m^[22m[39m
     [90m 79 |[39m
     [90m 80 |[39m     [90m// Fill inputs[39m
     [90m 81 |[39m     [90m// Note: Adjust selectors based on actual rendered labels/placeholders[39m[0m

      at VirtualConsole.<anonymous> (node_modules/jest-environment-jsdom/build/index.js:63:23)
      at reportException (node_modules/jsdom/lib/jsdom/living/helpers/runtime-script-errors.js:70:28)
      at innerInvokeEventListeners (node_modules/jsdom/lib/jsdom/living/events/EventTarget-impl.js:353:9)
      at invokeEventListeners (node_modules/jsdom/lib/jsdom/living/events/EventTarget-impl.js:286:3)
      at HTMLUnknownElementImpl._dispatch (node_modules/jsdom/lib/jsdom/living/events/EventTarget-impl.js:233:9)
      at HTMLUnknownElementImpl.dispatchEvent (node_modules/jsdom/lib/jsdom/living/events/EventTarget-impl.js:104:17)
      at HTMLUnknownElement.dispatchEvent (node_modules/jsdom/lib/jsdom/living/generated/EventTarget.js:241:34)
      at Object.invokeGuardedCallbackDev (node_modules/react-dom/cjs/react-dom.development.js:4213:16)
      at invokeGuardedCallback (node_modules/react-dom/cjs/react-dom.development.js:4277:31)
      at beginWork$1 (node_modules/react-dom/cjs/react-dom.development.js:27490:7)
      at performUnitOfWork (node_modules/react-dom/cjs/react-dom.development.js:26599:12)
      at workLoopSync (node_modules/react-dom/cjs/react-dom.development.js:26505:5)
      at renderRootSync (node_modules/react-dom/cjs/react-dom.development.js:26473:7)
      at performConcurrentWorkOnRoot (node_modules/react-dom/cjs/react-dom.development.js:25777:74)
      at flushActQueue (node_modules/react/cjs/react.development.js:2667:24)
      at act (node_modules/react/cjs/react.development.js:2582:11)
      at node_modules/@testing-library/react/dist/act-compat.js:47:25
      at renderRoot (node_modules/@testing-library/react/dist/pure.js:190:26)
      at render (node_modules/@testing-library/react/dist/pure.js:292:10)
      at Object.<anonymous> (tests/app/dashboard/settings/components/billing-form.test.tsx:78:11)

  console.error
    Error: Uncaught [ReferenceError: useToast is not defined]
        at Object.<anonymous> (C:\Users\marte\Baked for Brands\bakedbot-for-brands\tests\app\dashboard\settings\components\billing-form.test.tsx:78:11)
        at new Promise (<anonymous>) {
      detail: ReferenceError: useToast is not defined
          at useToast (C:\Users\marte\Baked for Brands\bakedbot-for-brands\src\app\dashboard\settings\components\billing-form.tsx:19:21)
          at renderWithHooks (C:\Users\marte\Baked for Brands\bakedbot-for-brands\node_modules\react-dom\cjs\react-dom.development.js:15486:18)
          at mountIndeterminateComponent (C:\Users\marte\Baked for Brands\bakedbot-for-brands\node_modules\react-dom\cjs\react-dom.development.js:20103:13)
          at beginWork (C:\Users\marte\Baked for Brands\bakedbot-for-brands\node_modules\react-dom\cjs\react-dom.development.js:21626:16)
          at HTMLUnknownElement.callCallback (C:\Users\marte\Baked for Brands\bakedbot-for-brands\node_modules\react-dom\cjs\react-dom.development.js:4164:14)
          at HTMLUnknownElement.callTheUserObjectsOperation (C:\Users\marte\Baked for Brands\bakedbot-for-brands\node_modules\jsdom\lib\jsdom\living\generated\EventListener.js:26:30)
          at innerInvokeEventListeners (C:\Users\marte\Baked for Brands\bakedbot-for-brands\node_modules\jsdom\lib\jsdom\living\events\EventTarget-impl.js:350:25)
          at invokeEventListeners (C:\Users\marte\Baked for Brands\bakedbot-for-brands\node_modules\jsdom\lib\jsdom\living\events\EventTarget-impl.js:286:3)
          at HTMLUnknownElementImpl._dispatch (C:\Users\marte\Baked for Brands\bakedbot-for-brands\node_modules\jsdom\lib\jsdom\living\events\EventTarget-impl.js:233:9)
          at HTMLUnknownElementImpl.dispatchEvent (C:\Users\marte\Baked for Brands\bakedbot-for-brands\node_modules\jsdom\lib\jsdom\living\events\EventTarget-impl.js:104:17)
          at HTMLUnknownElement.dispatchEvent (C:\Users\marte\Baked for Brands\bakedbot-for-brands\node_modules\jsdom\lib\jsdom\living\generated\EventTarget.js:241:34)
          at Object.invokeGuardedCallbackDev (C:\Users\marte\Baked for Brands\bakedbot-for-brands\node_modules\react-dom\cjs\react-dom.development.js:4213:16)
          at invokeGuardedCallback (C:\Users\marte\Baked for Brands\bakedbot-for-brands\node_modules\react-dom\cjs\react-dom.development.js:4277:31)
          at beginWork$1 (C:\Users\marte\Baked for Brands\bakedbot-for-brands\node_modules\react-dom\cjs\react-dom.development.js:27490:7)
          at performUnitOfWork (C:\Users\marte\Baked for Brands\bakedbot-for-brands\node_modules\react-dom\cjs\react-dom.development.js:26599:12)
          at workLoopSync (C:\Users\marte\Baked for Brands\bakedbot-for-brands\node_modules\react-dom\cjs\react-dom.development.js:26505:5)
          at renderRootSync (C:\Users\marte\Baked for Brands\bakedbot-for-brands\node_modules\react-dom\cjs\react-dom.development.js:26473:7)
          at recoverFromConcurrentError (C:\Users\marte\Baked for Brands\bakedbot-for-brands\node_modules\react-dom\cjs\react-dom.development.js:25889:20)
          at performConcurrentWorkOnRoot (C:\Users\marte\Baked for Brands\bakedbot-for-brands\node_modules\react-dom\cjs\react-dom.development.js:25789:22)
          at flushActQueue (C:\Users\marte\Baked for Brands\bakedbot-for-brands\node_modules\react\cjs\react.development.js:2667:24)
          at act (C:\Users\marte\Baked for Brands\bakedbot-for-brands\node_modules\react\cjs\react.development.js:2582:11)
          at C:\Users\marte\Baked for Brands\bakedbot-for-brands\node_modules\@testing-library\react\dist\act-compat.js:47:25
          at renderRoot (C:\Users\marte\Baked for Brands\bakedbot-for-brands\node_modules\@testing-library\react\dist\pure.js:190:26)
          at render (C:\Users\marte\Baked for Brands\bakedbot-for-brands\node_modules\@testing-library\react\dist\pure.js:292:10)
          at Object.<anonymous> (C:\Users\marte\Baked for Brands\bakedbot-for-brands\tests\app\dashboard\settings\components\billing-form.test.tsx:78:11)
          at Promise.then.completed (C:\Users\marte\Baked for Brands\bakedbot-for-brands\node_modules\jest-circus\build\utils.js:298:28)
          at new Promise (<anonymous>)
          at callAsyncCircusFn (C:\Users\marte\Baked for Brands\bakedbot-for-brands\node_modules\jest-circus\build\utils.js:231:10)
          at _callCircusTest (C:\Users\marte\Baked for Brands\bakedbot-for-brands\node_modules\jest-circus\build\run.js:316:40)
          at processTicksAndRejections (node:internal/process/task_queues:103:5)
          at _runTest (C:\Users\marte\Baked for Brands\bakedbot-for-brands\node_modules\jest-circus\build\run.js:252:3)
          at _runTestsForDescribeBlock (C:\Users\marte\Baked for Brands\bakedbot-for-brands\node_modules\jest-circus\build\run.js:126:9)
          at _runTestsForDescribeBlock (C:\Users\marte\Baked for Brands\bakedbot-for-brands\node_modules\jest-circus\build\run.js:121:9)
          at run (C:\Users\marte\Baked for Brands\bakedbot-for-brands\node_modules\jest-circus\build\run.js:71:3)
          at runAndTransformResultsToJestFormat (C:\Users\marte\Baked for Brands\bakedbot-for-brands\node_modules\jest-circus\build\legacy-code-todo-rewrite\jestAdapterInit.js:122:21)
          at jestAdapter (C:\Users\marte\Baked for Brands\bakedbot-for-brands\node_modules\jest-circus\build\legacy-code-todo-rewrite\jestAdapter.js:79:19)
          at runTestInternal (C:\Users\marte\Baked for Brands\bakedbot-for-brands\node_modules\jest-runner\build\runTest.js:367:16)
          at runTest (C:\Users\marte\Baked for Brands\bakedbot-for-brands\node_modules\jest-runner\build\runTest.js:444:34),
      type: 'unhandled exception'
    }

    [0m [90m 76 |[39m     mockTokenizeCard[33m.[39mmockResolvedValue({ dataDescriptor[33m:[39m [32m'desc'[39m[33m,[39m dataValue[33m:[39m [32m'val'[39m })[33m;[39m
     [90m 77 |[39m
    [31m[1m>[22m[39m[90m 78 |[39m     render([33m<[39m[33mBillingForm[39m organizationId[33m=[39m[32m"org1"[39m locationCount[33m=[39m{[35m1[39m} [33m/[39m[33m>[39m)[33m;[39m
     [90m    |[39m           [31m[1m^[22m[39m
     [90m 79 |[39m
     [90m 80 |[39m     [90m// Fill inputs[39m
     [90m 81 |[39m     [90m// Note: Adjust selectors based on actual rendered labels/placeholders[39m[0m

      at VirtualConsole.<anonymous> (node_modules/jest-environment-jsdom/build/index.js:63:23)
      at reportException (node_modules/jsdom/lib/jsdom/living/helpers/runtime-script-errors.js:70:28)
      at innerInvokeEventListeners (node_modules/jsdom/lib/jsdom/living/events/EventTarget-impl.js:353:9)
      at invokeEventListeners (node_modules/jsdom/lib/jsdom/living/events/EventTarget-impl.js:286:3)
      at HTMLUnknownElementImpl._dispatch (node_modules/jsdom/lib/jsdom/living/events/EventTarget-impl.js:233:9)
      at HTMLUnknownElementImpl.dispatchEvent (node_modules/jsdom/lib/jsdom/living/events/EventTarget-impl.js:104:17)
      at HTMLUnknownElement.dispatchEvent (node_modules/jsdom/lib/jsdom/living/generated/EventTarget.js:241:34)
      at Object.invokeGuardedCallbackDev (node_modules/react-dom/cjs/react-dom.development.js:4213:16)
      at invokeGuardedCallback (node_modules/react-dom/cjs/react-dom.development.js:4277:31)
      at beginWork$1 (node_modules/react-dom/cjs/react-dom.development.js:27490:7)
      at performUnitOfWork (node_modules/react-dom/cjs/react-dom.development.js:26599:12)
      at workLoopSync (node_modules/react-dom/cjs/react-dom.development.js:26505:5)
      at renderRootSync (node_modules/react-dom/cjs/react-dom.development.js:26473:7)
      at recoverFromConcurrentError (node_modules/react-dom/cjs/react-dom.development.js:25889:20)
      at performConcurrentWorkOnRoot (node_modules/react-dom/cjs/react-dom.development.js:25789:22)
      at flushActQueue (node_modules/react/cjs/react.development.js:2667:24)
      at act (node_modules/react/cjs/react.development.js:2582:11)
      at node_modules/@testing-library/react/dist/act-compat.js:47:25
      at renderRoot (node_modules/@testing-library/react/dist/pure.js:190:26)
      at render (node_modules/@testing-library/react/dist/pure.js:292:10)
      at Object.<anonymous> (tests/app/dashboard/settings/components/billing-form.test.tsx:78:11)

  console.error
    The above error occurred in the <BillingForm> component:
    
        at organizationId (C:\Users\marte\Baked for Brands\bakedbot-for-brands\src\app\dashboard\settings\components\billing-form.tsx:18:11)
    
    Consider adding an error boundary to your tree to customize error handling behavior.
    Visit https://reactjs.org/link/error-boundaries to learn more about error boundaries.

    [0m [90m 76 |[39m     mockTokenizeCard[33m.[39mmockResolvedValue({ dataDescriptor[33m:[39m [32m'desc'[39m[33m,[39m dataValue[33m:[39m [32m'val'[39m })[33m;[39m
     [90m 77 |[39m
    [31m[1m>[22m[39m[90m 78 |[39m     render([33m<[39m[33mBillingForm[39m organizationId[33m=[39m[32m"org1"[39m locationCount[33m=[39m{[35m1[39m} [33m/[39m[33m>[39m)[33m;[39m
     [90m    |[39m           [31m[1m^[22m[39m
     [90m 79 |[39m
     [90m 80 |[39m     [90m// Fill inputs[39m
     [90m 81 |[39m     [90m// Note: Adjust selectors based on actual rendered labels/placeholders[39m[0m

      at logCapturedError (node_modules/react-dom/cjs/react-dom.development.js:18704:23)
      at update.callback (node_modules/react-dom/cjs/react-dom.development.js:18737:5)
      at callCallback (node_modules/react-dom/cjs/react-dom.development.js:15036:12)
      at commitUpdateQueue (node_modules/react-dom/cjs/react-dom.development.js:15057:9)
      at commitLayoutEffectOnFiber (node_modules/react-dom/cjs/react-dom.development.js:23430:13)
      at commitLayoutMountEffects_complete (node_modules/react-dom/cjs/react-dom.development.js:24727:9)
      at commitLayoutEffects_begin (node_modules/react-dom/cjs/react-dom.development.js:24713:7)
      at commitLayoutEffects (node_modules/react-dom/cjs/react-dom.development.js:24651:3)
      at commitRootImpl (node_modules/react-dom/cjs/react-dom.development.js:26862:5)
      at commitRoot (node_modules/react-dom/cjs/react-dom.development.js:26721:5)
      at finishConcurrentRender (node_modules/react-dom/cjs/react-dom.development.js:25931:9)
      at performConcurrentWorkOnRoot (node_modules/react-dom/cjs/react-dom.development.js:25848:7)
      at flushActQueue (node_modules/react/cjs/react.development.js:2667:24)
      at act (node_modules/react/cjs/react.development.js:2582:11)
      at node_modules/@testing-library/react/dist/act-compat.js:47:25
      at renderRoot (node_modules/@testing-library/react/dist/pure.js:190:26)
      at render (node_modules/@testing-library/react/dist/pure.js:292:10)
      at Object.<anonymous> (tests/app/dashboard/settings/components/billing-form.test.tsx:78:11)

node.exe : FAIL tests/app/dashboar
d/settings/components/billing-form
.test.tsx
At line:1 char:1
+ & "C:\Program 
Files\nodejs/node.exe" 
"C:\Program Files\nodejs/node_mo 
...
+ ~~~~~~~~~~~~~~~~~~~~~~~~~~~~~~~~
~~~~~~~~~~~~~~~~~~~~~~~~~~~~~~~~~~
~~~
    + CategoryInfo          : Not 
   Specified: (FAIL tests/app/..  
  .g-form.test.tsx:String) [],    
 RemoteException
    + FullyQualifiedErrorId : Nat 
   iveCommandError
 
  BillingForm
    ├ù should block submission if 
payment library is not loaded 
(120 ms)
    ├ù should tokenize card and 
submit on valid input (30 ms)

  ΓùÅ BillingForm ΓÇ║ should 
block submission if payment 
library is not loaded

    ReferenceError: useToast is 
not defined

    [0m [90m 17 |[39m 
[36mexport[39m 
[36mfunction[39m [33mBillingFor
m[39m(props[33m:[39m 
[33mBillingFormProps[39m) {
     [90m 18 |[39m   
[36mconst[39m { 
organizationId[33m,[39m 
locationCount } [33m=[39m 
props[33m;[39m
    [31m[1m>[22m[39m[90m 19 
|[39m   [36mconst[39m { toast 
} [33m=[39m 
useToast()[33m;[39m
     [90m    |[39m              
       [31m[1m^[22m[39m
     [90m 20 |[39m
     [90m 21 |[39m   
[36mconst[39m 
[planId[33m,[39m setPlanId] 
[33m=[39m useState[33m<[39m[3
3mPlanId[39m[33m>[39m([32m"cla
im_pro"[39m)[33m;[39m
     [90m 22 |[39m   
[36mconst[39m 
[selectedPacks[33m,[39m 
setSelectedPacks] [33m=[39m useS
tate[33m<[39m[33mCoveragePackId
[39m[][33m>[39m([])[33m;[39m
[0m

      at useToast (src/app/dashboa
rd/settings/components/billing-for
m.tsx:19:21)
      at renderWithHooks (node_mod
ules/react-dom/cjs/react-dom.devel
opment.js:15486:18)
      at 
mountIndeterminateComponent (node_
modules/react-dom/cjs/react-dom.de
velopment.js:20103:13)
      at beginWork (node_modules/r
eact-dom/cjs/react-dom.development
.js:21626:16)
      at beginWork$1 (node_modules
/react-dom/cjs/react-dom.developme
nt.js:27465:14)
      at performUnitOfWork (node_m
odules/react-dom/cjs/react-dom.dev
elopment.js:26599:12)
      at workLoopSync (node_module
s/react-dom/cjs/react-dom.developm
ent.js:26505:5)
      at renderRootSync (node_modu
les/react-dom/cjs/react-dom.develo
pment.js:26473:7)
      at 
recoverFromConcurrentError (node_m
odules/react-dom/cjs/react-dom.dev
elopment.js:25889:20)
      at 
performConcurrentWorkOnRoot (node_
modules/react-dom/cjs/react-dom.de
velopment.js:25789:22)
      at flushActQueue (node_modul
es/react/cjs/react.development.js:
2667:24)
      at act (node_modules/react/c
js/react.development.js:2582:11)
      at node_modules/@testing-lib
rary/react/dist/act-compat.js:47:2
5
      at renderRoot (node_modules/
@testing-library/react/dist/pure.j
s:190:26)
      at render (node_modules/@tes
ting-library/react/dist/pure.js:29
2:10)
      at Object.<anonymous> (tests
/app/dashboard/settings/components
/billing-form.test.tsx:62:11)

  ΓùÅ BillingForm ΓÇ║ should 
tokenize card and submit on valid 
input

    ReferenceError: useToast is 
not defined

    [0m [90m 17 |[39m 
[36mexport[39m 
[36mfunction[39m [33mBillingFor
m[39m(props[33m:[39m 
[33mBillingFormProps[39m) {
     [90m 18 |[39m   
[36mconst[39m { 
organizationId[33m,[39m 
locationCount } [33m=[39m 
props[33m;[39m
    [31m[1m>[22m[39m[90m 19 
|[39m   [36mconst[39m { toast 
} [33m=[39m 
useToast()[33m;[39m
     [90m    |[39m              
       [31m[1m^[22m[39m
     [90m 20 |[39m
     [90m 21 |[39m   
[36mconst[39m 
[planId[33m,[39m setPlanId] 
[33m=[39m useState[33m<[39m[3
3mPlanId[39m[33m>[39m([32m"cla
im_pro"[39m)[33m;[39m
     [90m 22 |[39m   
[36mconst[39m 
[selectedPacks[33m,[39m 
setSelectedPacks] [33m=[39m useS
tate[33m<[39m[33mCoveragePackId
[39m[][33m>[39m([])[33m;[39m
[0m

      at useToast (src/app/dashboa
rd/settings/components/billing-for
m.tsx:19:21)
      at renderWithHooks (node_mod
ules/react-dom/cjs/react-dom.devel
opment.js:15486:18)
      at 
mountIndeterminateComponent (node_
modules/react-dom/cjs/react-dom.de
velopment.js:20103:13)
      at beginWork (node_modules/r
eact-dom/cjs/react-dom.development
.js:21626:16)
      at beginWork$1 (node_modules
/react-dom/cjs/react-dom.developme
nt.js:27465:14)
      at performUnitOfWork (node_m
odules/react-dom/cjs/react-dom.dev
elopment.js:26599:12)
      at workLoopSync (node_module
s/react-dom/cjs/react-dom.developm
ent.js:26505:5)
      at renderRootSync (node_modu
les/react-dom/cjs/react-dom.develo
pment.js:26473:7)
      at 
recoverFromConcurrentError (node_m
odules/react-dom/cjs/react-dom.dev
elopment.js:25889:20)
      at 
performConcurrentWorkOnRoot (node_
modules/react-dom/cjs/react-dom.de
velopment.js:25789:22)
      at flushActQueue (node_modul
es/react/cjs/react.development.js:
2667:24)
      at act (node_modules/react/c
js/react.development.js:2582:11)
      at node_modules/@testing-lib
rary/react/dist/act-compat.js:47:2
5
      at renderRoot (node_modules/
@testing-library/react/dist/pure.j
s:190:26)
      at render (node_modules/@tes
ting-library/react/dist/pure.js:29
2:10)
      at Object.<anonymous> (tests
/app/dashboard/settings/components
/billing-form.test.tsx:78:11)

Test Suites: 1 failed, 1 total
Tests:       2 failed, 2 total
Snapshots:   0 total
Time:        4.168 s, estimated 8 
s
Ran all test suites matching /test
s\\app\\dashboard\\settings\\compo
nents\\billing-form.test.tsx/i.
